2025-09-24 16:27:28,802 DEBUG cd meeting-bench && python3 -m venv env
2025-09-24 16:27:45,171 DEBUG cd meeting-bench && /Users/addisutedla/Documents/Projects/Meeting/meeting-bench/env/bin/python -m pip install --quiet --upgrade pip
2025-09-24 16:27:53,072 DEBUG cd meeting-bench && /Users/addisutedla/Documents/Projects/Meeting/meeting-bench/env/bin/python -m pip install --quiet wheel
2025-09-24 16:27:55,290 LOG Getting frappe
2025-09-24 16:27:55,291 DEBUG cd meeting-bench/apps && git clone https://github.com/frappe/frappe.git  --depth 1 --origin upstream
2025-09-24 16:28:45,410 LOG Installing frappe
2025-09-24 16:28:45,707 DEBUG cd /Users/addisutedla/Documents/Projects/Meeting/meeting-bench && /Users/addisutedla/Documents/Projects/Meeting/meeting-bench/env/bin/python -m pip install --quiet --upgrade -e /Users/addisutedla/Documents/Projects/Meeting/meeting-bench/apps/frappe 
2025-09-24 16:33:07,687 DEBUG cd /Users/addisutedla/Documents/Projects/Meeting/meeting-bench/apps/frappe && yarn install --check-files
2025-09-24 16:36:09,003 DEBUG cd meeting-bench && bench build
2025-09-24 16:36:09,825 INFO /Users/addisutedla/.pyenv/versions/3.13.0/bin/bench build
2025-09-24 16:36:59,711 LOG setting up backups
2025-09-24 16:37:14,136 LOG backups were set up
2025-09-24 16:37:14,137 INFO Bench meeting-bench initialized
2025-09-24 16:37:45,158 INFO /Users/addisutedla/.pyenv/versions/3.13.0/bin/bench new-app meeting
2025-09-24 16:37:45,177 LOG creating new app meeting
2025-09-24 16:39:27,994 LOG Installing meeting
2025-09-24 16:39:28,002 DEBUG cd /Users/addisutedla/Documents/Projects/Meeting/meeting-bench && /Users/addisutedla/Documents/Projects/Meeting/meeting-bench/env/bin/python -m pip install --quiet --upgrade -e /Users/addisutedla/Documents/Projects/Meeting/meeting-bench/apps/meeting 
2025-09-24 16:39:32,662 DEBUG bench build --app meeting
2025-09-24 16:39:33,095 INFO /Users/addisutedla/.pyenv/versions/3.13.0/bin/bench build --app meeting
2025-09-24 17:00:47,764 INFO /Users/addisutedla/.pyenv/versions/3.13.0/bin/bench new-site meeting.dev --db-type postgres --db-name meetingdb --db-host localhost --db-port 5432 --db-root-username postgres --db-password ‘meeting87’
2025-09-24 17:01:39,130 INFO /Users/addisutedla/.pyenv/versions/3.13.0/bin/bench new-site meeting.dev --db-type postgres --db-name meetingdb --db-host localhost --db-port 5432 --db-root-username postgres --db-password ‘meeting87’
2025-09-24 17:01:58,581 INFO /Users/addisutedla/.pyenv/versions/3.13.0/bin/bench new-site meeting.dev --db-type postgres --db-name meetingdb --db-host localhost --db-port 5432 --db-root-username postgres --db-password ‘meeting87’
2025-09-24 17:05:20,936 INFO /Users/addisutedla/.pyenv/versions/3.13.0/bin/bench new-site meeting.dev --db-type postgres --db-name meetingdb --db-host localhost --db-port 5432 --db-root-username postgres --db-password meeting87
2025-09-24 17:17:57,775 INFO /Users/addisutedla/.pyenv/versions/3.13.0/bin/bench --site meeting.dev install-app meeting
2025-09-24 17:49:04,710 INFO /Library/Frameworks/Python.framework/Versions/3.13/bin/bench start
2025-09-24 17:49:06,107 INFO /Library/Frameworks/Python.framework/Versions/3.13/bin/bench watch
2025-09-24 17:49:06,149 INFO /Library/Frameworks/Python.framework/Versions/3.13/bin/bench serve --port 8000
2025-09-24 17:49:06,217 INFO /Library/Frameworks/Python.framework/Versions/3.13/bin/bench worker
2025-09-24 17:49:06,284 INFO /Library/Frameworks/Python.framework/Versions/3.13/bin/bench schedule
2025-09-24 17:53:12,374 INFO /Library/Frameworks/Python.framework/Versions/3.13/bin/bench --site meeting.dev add-to-hosts
2025-09-24 17:53:39,418 INFO /Library/Frameworks/Python.framework/Versions/3.13/bin/bench start
2025-09-24 17:53:40,664 INFO /Library/Frameworks/Python.framework/Versions/3.13/bin/bench serve --port 8000
2025-09-24 17:53:40,715 INFO /Library/Frameworks/Python.framework/Versions/3.13/bin/bench schedule
2025-09-24 17:53:40,717 INFO /Library/Frameworks/Python.framework/Versions/3.13/bin/bench watch
2025-09-24 17:53:40,738 INFO /Library/Frameworks/Python.framework/Versions/3.13/bin/bench worker
2025-09-24 18:03:54,577 INFO /Library/Frameworks/Python.framework/Versions/3.13/bin/bench --site meeting.dev list-apps
2025-09-24 18:04:54,186 INFO /Library/Frameworks/Python.framework/Versions/3.13/bin/bench start
2025-09-24 18:04:55,549 INFO /Library/Frameworks/Python.framework/Versions/3.13/bin/bench serve --port 8000
2025-09-24 18:04:55,576 INFO /Library/Frameworks/Python.framework/Versions/3.13/bin/bench schedule
2025-09-24 18:04:55,580 INFO /Library/Frameworks/Python.framework/Versions/3.13/bin/bench watch
2025-09-24 18:04:55,629 INFO /Library/Frameworks/Python.framework/Versions/3.13/bin/bench worker
2025-09-24 18:06:15,915 INFO /Library/Frameworks/Python.framework/Versions/3.13/bin/bench --site meeting.dev info
2025-09-24 18:07:01,776 INFO /Library/Frameworks/Python.framework/Versions/3.13/bin/bench --site meeting.dev list-apps
2025-09-24 18:07:56,941 INFO /Library/Frameworks/Python.framework/Versions/3.13/bin/bench start
2025-09-24 18:07:58,589 INFO /Library/Frameworks/Python.framework/Versions/3.13/bin/bench serve --port 8000
2025-09-24 18:07:58,598 INFO /Library/Frameworks/Python.framework/Versions/3.13/bin/bench watch
2025-09-24 18:07:58,603 INFO /Library/Frameworks/Python.framework/Versions/3.13/bin/bench worker
2025-09-24 18:07:58,624 INFO /Library/Frameworks/Python.framework/Versions/3.13/bin/bench schedule
2025-09-24 18:08:07,144 INFO /Library/Frameworks/Python.framework/Versions/3.13/bin/bench restart
2025-09-24 18:08:13,537 INFO /Library/Frameworks/Python.framework/Versions/3.13/bin/bench start
2025-09-24 18:08:14,947 INFO /Library/Frameworks/Python.framework/Versions/3.13/bin/bench serve --port 8000
2025-09-24 18:08:14,956 INFO /Library/Frameworks/Python.framework/Versions/3.13/bin/bench worker
2025-09-24 18:08:15,016 INFO /Library/Frameworks/Python.framework/Versions/3.13/bin/bench schedule
2025-09-24 18:08:15,039 INFO /Library/Frameworks/Python.framework/Versions/3.13/bin/bench watch
2025-09-24 18:13:31,634 INFO /Library/Frameworks/Python.framework/Versions/3.13/bin/bench stop
2025-09-24 18:18:47,593 INFO /Library/Frameworks/Python.framework/Versions/3.13/bin/bench start
2025-09-24 18:18:49,871 INFO /Library/Frameworks/Python.framework/Versions/3.13/bin/bench schedule
2025-09-24 18:18:49,883 INFO /Library/Frameworks/Python.framework/Versions/3.13/bin/bench serve --port 8000
2025-09-24 18:18:49,957 INFO /Library/Frameworks/Python.framework/Versions/3.13/bin/bench watch
2025-09-24 18:18:50,040 INFO /Library/Frameworks/Python.framework/Versions/3.13/bin/bench worker
2025-09-24 18:26:25,119 INFO /Library/Frameworks/Python.framework/Versions/3.13/bin/bench start
2025-09-24 18:26:26,545 INFO /Library/Frameworks/Python.framework/Versions/3.13/bin/bench serve --port 8000
2025-09-24 18:26:26,550 INFO /Library/Frameworks/Python.framework/Versions/3.13/bin/bench watch
2025-09-24 18:26:26,554 INFO /Library/Frameworks/Python.framework/Versions/3.13/bin/bench schedule
2025-09-24 18:26:26,590 INFO /Library/Frameworks/Python.framework/Versions/3.13/bin/bench worker
2025-09-24 18:31:57,909 INFO /Library/Frameworks/Python.framework/Versions/3.13/bin/bench start
2025-09-24 18:31:59,261 INFO /Library/Frameworks/Python.framework/Versions/3.13/bin/bench serve --port 8000
2025-09-24 18:31:59,267 INFO /Library/Frameworks/Python.framework/Versions/3.13/bin/bench schedule
2025-09-24 18:31:59,271 INFO /Library/Frameworks/Python.framework/Versions/3.13/bin/bench watch
2025-09-24 18:31:59,405 INFO /Library/Frameworks/Python.framework/Versions/3.13/bin/bench worker
2025-09-24 18:38:37,450 INFO /Library/Frameworks/Python.framework/Versions/3.13/bin/bench --site meeting.dev clear-cache
2025-09-24 18:38:41,940 INFO /Library/Frameworks/Python.framework/Versions/3.13/bin/bench --site meeting.dev clear-website-cache
2025-09-24 18:38:44,061 INFO /Library/Frameworks/Python.framework/Versions/3.13/bin/bench --site meeting.dev migrate
2025-09-24 18:38:46,158 INFO /Library/Frameworks/Python.framework/Versions/3.13/bin/bench start
2025-09-24 18:38:47,441 INFO /Library/Frameworks/Python.framework/Versions/3.13/bin/bench watch
2025-09-24 18:38:47,451 INFO /Library/Frameworks/Python.framework/Versions/3.13/bin/bench serve --port 8000
2025-09-24 18:38:47,452 INFO /Library/Frameworks/Python.framework/Versions/3.13/bin/bench schedule
2025-09-24 18:38:47,462 INFO /Library/Frameworks/Python.framework/Versions/3.13/bin/bench worker
2025-09-24 18:44:45,185 INFO /Library/Frameworks/Python.framework/Versions/3.13/bin/bench start
2025-09-24 18:44:46,495 INFO /Library/Frameworks/Python.framework/Versions/3.13/bin/bench serve --port 8000
2025-09-24 18:44:46,532 INFO /Library/Frameworks/Python.framework/Versions/3.13/bin/bench schedule
2025-09-24 18:44:46,533 INFO /Library/Frameworks/Python.framework/Versions/3.13/bin/bench worker
2025-09-24 18:44:46,535 INFO /Library/Frameworks/Python.framework/Versions/3.13/bin/bench watch
2025-09-24 18:47:34,282 INFO /Library/Frameworks/Python.framework/Versions/3.13/bin/bench start
2025-09-24 18:47:36,347 INFO /Library/Frameworks/Python.framework/Versions/3.13/bin/bench serve --port 8000
2025-09-24 18:47:36,363 INFO /Library/Frameworks/Python.framework/Versions/3.13/bin/bench worker
2025-09-24 18:47:36,397 INFO /Library/Frameworks/Python.framework/Versions/3.13/bin/bench watch
2025-09-24 18:47:36,452 INFO /Library/Frameworks/Python.framework/Versions/3.13/bin/bench schedule
2025-09-24 18:54:49,800 INFO /Library/Frameworks/Python.framework/Versions/3.13/bin/bench stop
2025-09-24 18:56:35,400 INFO /Library/Frameworks/Python.framework/Versions/3.13/bin/bench --site meeting.localhost list-apps
2025-09-24 18:56:52,015 INFO /Library/Frameworks/Python.framework/Versions/3.13/bin/bench start
2025-09-24 18:56:53,549 INFO /Library/Frameworks/Python.framework/Versions/3.13/bin/bench serve --port 8000
2025-09-24 18:56:53,608 INFO /Library/Frameworks/Python.framework/Versions/3.13/bin/bench worker
2025-09-24 18:56:53,650 INFO /Library/Frameworks/Python.framework/Versions/3.13/bin/bench watch
2025-09-24 18:56:53,705 INFO /Library/Frameworks/Python.framework/Versions/3.13/bin/bench schedule
2025-09-24 19:03:04,581 INFO /Library/Frameworks/Python.framework/Versions/3.13/bin/bench --site meeting.localhost console
2025-09-24 19:03:53,525 INFO /Library/Frameworks/Python.framework/Versions/3.13/bin/bench --site meeting.localhost clear-cache
2025-09-24 19:03:57,132 INFO /Library/Frameworks/Python.framework/Versions/3.13/bin/bench --site meeting.localhost clear-website-cache
2025-09-24 19:06:47,984 INFO /Library/Frameworks/Python.framework/Versions/3.13/bin/bench --site meeting.localhost set-admin-password Admin87
2025-09-24 19:07:10,626 INFO /Library/Frameworks/Python.framework/Versions/3.13/bin/bench --site meeting.localhost set-admin-password Admin@87
2025-09-24 19:07:19,754 INFO /Library/Frameworks/Python.framework/Versions/3.13/bin/bench --site meeting.localhost clear-cache
2025-09-24 19:07:23,167 INFO /Library/Frameworks/Python.framework/Versions/3.13/bin/bench --site meeting.localhost clear-website-cache
2025-09-24 19:07:33,554 INFO /Library/Frameworks/Python.framework/Versions/3.13/bin/bench start
2025-09-24 19:07:34,809 INFO /Library/Frameworks/Python.framework/Versions/3.13/bin/bench serve --port 8000
2025-09-24 19:07:34,815 INFO /Library/Frameworks/Python.framework/Versions/3.13/bin/bench worker
2025-09-24 19:07:34,821 INFO /Library/Frameworks/Python.framework/Versions/3.13/bin/bench watch
2025-09-24 19:07:34,822 INFO /Library/Frameworks/Python.framework/Versions/3.13/bin/bench schedule
