2025-09-24 17:06:47,093 WARNING database DDL Query made to DB:
ALTER TABLE "public"."tabEmail Group Member"
					ADD CONSTRAINT "unique_email_group_email" UNIQUE ("email_group", "email")
2025-09-24 17:06:47,332 WARNING database DDL Query made to DB:
create table "tabEmail Queue" (
			name varchar(140) primary key,
			creation timestamp(6),
			modified timestamp(6),
			modified_by varchar(140),
			owner varchar(140),
			docstatus smallint not null default '0',
			idx bigint not null default '0',
			"sender" varchar(140),
"show_as_cc" text,
"message" text,
"status" varchar(140) DEFAULT 'Not Sent',
"error" text,
"message_id" text,
"reference_doctype" varchar(140),
"reference_name" varchar(140),
"communication" varchar(140),
"send_after" timestamp,
"priority" int NOT NULL DEFAULT 1,
"add_unsubscribe_link" smallint NOT NULL DEFAULT 1,
"unsubscribe_params" text,
"unsubscribe_method" varchar(140),
"expose_recipients" varchar(140),
"attachments" text,
"retry" int NOT NULL DEFAULT 0,
"email_account" varchar(140),
"_user_tags" text,
"_comments" text,
"_assign" text,
"_liked_by" text
			)
2025-09-24 17:06:47,334 WARNING database DDL Query made to DB:
CREATE INDEX IF NOT EXISTS "reference_name" ON "tabEmail Queue"("reference_name");CREATE INDEX IF NOT EXISTS "communication" ON "tabEmail Queue"("communication");
2025-09-24 17:06:47,371 WARNING database DDL Query made to DB:
CREATE INDEX IF NOT EXISTS "index_bulk_flush" ON "public"."tabEmail Queue" ("status", "send_after", "priority", "creation")
2025-09-24 17:06:47,373 WARNING database DDL Query made to DB:
CREATE INDEX IF NOT EXISTS "message_id_index" ON "public"."tabEmail Queue" ("message_id")
2025-09-24 17:06:47,421 WARNING database DDL Query made to DB:
create table "tabUnhandled Email" (
			name varchar(140) primary key,
			creation timestamp(6),
			modified timestamp(6),
			modified_by varchar(140),
			owner varchar(140),
			docstatus smallint not null default '0',
			idx bigint not null default '0',
			"email_account" varchar(140),
"uid" varchar(140),
"reason" text,
"message_id" text,
"raw" text,
"_user_tags" text,
"_comments" text,
"_assign" text,
"_liked_by" text
			)
2025-09-24 17:06:47,533 WARNING database DDL Query made to DB:
create table "tabDocument Follow" (
			name varchar(140) primary key,
			creation timestamp(6),
			modified timestamp(6),
			modified_by varchar(140),
			owner varchar(140),
			docstatus smallint not null default '0',
			idx bigint not null default '0',
			"ref_doctype" varchar(140),
"ref_docname" varchar(140),
"user" varchar(140),
"_user_tags" text,
"_comments" text,
"_assign" text,
"_liked_by" text
			)
2025-09-24 17:06:47,535 WARNING database DDL Query made to DB:
CREATE INDEX IF NOT EXISTS "ref_doctype" ON "tabDocument Follow"("ref_doctype");CREATE INDEX IF NOT EXISTS "ref_docname" ON "tabDocument Follow"("ref_docname");CREATE INDEX IF NOT EXISTS "user" ON "tabDocument Follow"("user");
2025-09-24 17:06:47,637 WARNING database DDL Query made to DB:
create table "tabEmail Unsubscribe" (
			name varchar(140) primary key,
			creation timestamp(6),
			modified timestamp(6),
			modified_by varchar(140),
			owner varchar(140),
			docstatus smallint not null default '0',
			idx bigint not null default '0',
			"email" varchar(140),
"reference_doctype" varchar(140),
"reference_name" varchar(140),
"global_unsubscribe" smallint NOT NULL DEFAULT 0,
"_user_tags" text,
"_comments" text,
"_assign" text,
"_liked_by" text
			)
2025-09-24 17:06:47,639 WARNING database DDL Query made to DB:
CREATE INDEX IF NOT EXISTS "email" ON "tabEmail Unsubscribe"("email");
2025-09-24 17:06:47,733 WARNING database DDL Query made to DB:
create table "tabEmail Domain" (
			name varchar(140) primary key,
			creation timestamp(6),
			modified timestamp(6),
			modified_by varchar(140),
			owner varchar(140),
			docstatus smallint not null default '0',
			idx bigint not null default '0',
			"domain_name" varchar(140) UNIQUE,
"email_server" varchar(140),
"use_imap" smallint NOT NULL DEFAULT 0,
"use_ssl" smallint NOT NULL DEFAULT 0,
"validate_ssl_certificate" smallint NOT NULL DEFAULT 1,
"use_starttls" smallint NOT NULL DEFAULT 0,
"incoming_port" varchar(140),
"attachment_limit" int NOT NULL DEFAULT 0,
"smtp_server" varchar(140),
"use_tls" smallint NOT NULL DEFAULT 0,
"use_ssl_for_outgoing" smallint NOT NULL DEFAULT 0,
"validate_ssl_certificate_for_outgoing" smallint NOT NULL DEFAULT 1,
"smtp_port" varchar(140),
"append_emails_to_sent_folder" smallint NOT NULL DEFAULT 0,
"sent_folder_name" varchar(140) DEFAULT 'Sent',
"_user_tags" text,
"_comments" text,
"_assign" text,
"_liked_by" text
			)
2025-09-24 17:06:47,810 WARNING database DDL Query made to DB:
create table "tabNotification Recipient" (
			name varchar(140) primary key,
			creation timestamp(6),
			modified timestamp(6),
			modified_by varchar(140),
			owner varchar(140),
			docstatus smallint not null default '0',
			idx bigint not null default '0',
			"receiver_by_document_field" varchar(140),
"receiver_by_role" varchar(140),
"cc" text,
"bcc" text,
"condition" varchar(140),
parent varchar(140),
parentfield varchar(140),
parenttype varchar(140)
			)
2025-09-24 17:06:47,872 WARNING database DDL Query made to DB:
create table "tabEmail Rule" (
			name varchar(140) primary key,
			creation timestamp(6),
			modified timestamp(6),
			modified_by varchar(140),
			owner varchar(140),
			docstatus smallint not null default '0',
			idx bigint not null default '0',
			"email_id" varchar(140) UNIQUE,
"is_spam" smallint NOT NULL DEFAULT 0,
"_user_tags" text,
"_comments" text,
"_assign" text,
"_liked_by" text
			)
2025-09-24 17:06:48,011 WARNING database DDL Query made to DB:
create table "tabAuto Email Report" (
			name varchar(140) primary key,
			creation timestamp(6),
			modified timestamp(6),
			modified_by varchar(140),
			owner varchar(140),
			docstatus smallint not null default '0',
			idx bigint not null default '0',
			"report" varchar(140),
"user" varchar(140) DEFAULT 'User',
"enabled" smallint NOT NULL DEFAULT 1,
"report_type" varchar(140),
"reference_report" varchar(140),
"send_if_data" smallint NOT NULL DEFAULT 1,
"data_modified_till" int NOT NULL DEFAULT 0,
"no_of_rows" int NOT NULL DEFAULT 100,
"filters" text,
"filter_meta" text,
"from_date_field" varchar(140),
"to_date_field" varchar(140),
"dynamic_date_period" varchar(140),
"use_first_day_of_period" smallint NOT NULL DEFAULT 0,
"email_to" text,
"day_of_week" varchar(140) DEFAULT 'Monday',
"sender" varchar(140),
"frequency" varchar(140),
"format" varchar(140),
"description" text,
"_user_tags" text,
"_comments" text,
"_assign" text,
"_liked_by" text
			)
2025-09-24 17:06:48,083 WARNING database DDL Query made to DB:
create table "tabIMAP Folder" (
			name varchar(140) primary key,
			creation timestamp(6),
			modified timestamp(6),
			modified_by varchar(140),
			owner varchar(140),
			docstatus smallint not null default '0',
			idx bigint not null default '0',
			"folder_name" varchar(140),
"append_to" varchar(140),
"uidvalidity" varchar(140),
"uidnext" varchar(140),
parent varchar(140),
parentfield varchar(140),
parenttype varchar(140)
			)
2025-09-24 17:06:48,287 WARNING database DDL Query made to DB:
create table "tabEmail Account" (
			name varchar(140) primary key,
			creation timestamp(6),
			modified timestamp(6),
			modified_by varchar(140),
			owner varchar(140),
			docstatus smallint not null default '0',
			idx bigint not null default '0',
			"email_id" varchar(140),
"email_account_name" varchar(140) UNIQUE,
"enable_incoming" smallint NOT NULL DEFAULT 0,
"enable_outgoing" smallint NOT NULL DEFAULT 0,
"service" varchar(140),
"domain" varchar(140),
"frappe_mail_site" varchar(140) DEFAULT 'https://frappemail.com',
"auth_method" varchar(140) DEFAULT 'Basic',
"backend_app_flow" smallint NOT NULL DEFAULT 0,
"password" text,
"awaiting_password" smallint NOT NULL DEFAULT 0,
"ascii_encode_password" smallint NOT NULL DEFAULT 0,
"api_key" varchar(140),
"api_secret" text,
"connected_app" varchar(140),
"connected_user" varchar(140),
"login_id_is_different" smallint NOT NULL DEFAULT 0,
"login_id" varchar(140),
"default_incoming" smallint NOT NULL DEFAULT 0,
"attachment_limit" int NOT NULL DEFAULT 0,
"last_received_at" timestamp,
"use_imap" smallint NOT NULL DEFAULT 0,
"use_ssl" smallint NOT NULL DEFAULT 0,
"validate_ssl_certificate" smallint NOT NULL DEFAULT 1,
"use_starttls" smallint NOT NULL DEFAULT 0,
"email_server" varchar(140),
"incoming_port" varchar(140),
"email_sync_option" varchar(140) DEFAULT 'UNSEEN',
"initial_sync_count" varchar(140) DEFAULT '250',
"append_emails_to_sent_folder" smallint NOT NULL DEFAULT 0,
"sent_folder_name" varchar(140),
"append_to" varchar(140),
"create_contact" smallint NOT NULL DEFAULT 1,
"enable_automatic_linking" smallint NOT NULL DEFAULT 0,
"notify_if_unreplied" smallint NOT NULL DEFAULT 0,
"unreplied_for_mins" int NOT NULL DEFAULT 30,
"send_notification_to" text,
"default_outgoing" smallint NOT NULL DEFAULT 0,
"always_use_account_email_id_as_sender" smallint NOT NULL DEFAULT 0,
"always_use_account_name_as_sender_name" smallint NOT NULL DEFAULT 0,
"send_unsubscribe_message" smallint NOT NULL DEFAULT 1,
"track_email_status" smallint NOT NULL DEFAULT 1,
"use_tls" smallint NOT NULL DEFAULT 0,
"use_ssl_for_outgoing" smallint NOT NULL DEFAULT 0,
"smtp_server" varchar(140),
"smtp_port" varchar(140),
"no_smtp_authentication" smallint NOT NULL DEFAULT 0,
"always_bcc" varchar(140),
"add_signature" smallint NOT NULL DEFAULT 0,
"signature" text,
"enable_auto_reply" smallint NOT NULL DEFAULT 0,
"auto_reply_message" text,
"footer" text,
"brand_logo" text,
"uidvalidity" varchar(140),
"uidnext" int NOT NULL DEFAULT 0,
"no_failed" int NOT NULL DEFAULT 0,
"_user_tags" text,
"_comments" text,
"_assign" text,
"_liked_by" text
			)
2025-09-24 17:06:48,311 WARNING database DDL Query made to DB:
ALTER TABLE "public"."tabEmail Account"
					ADD CONSTRAINT "unique_email_account_type" UNIQUE ("email_id", "enable_incoming", "enable_outgoing")
2025-09-24 17:06:48,355 WARNING database DDL Query made to DB:
create table "tabEmail Queue Recipient" (
			name varchar(140) primary key,
			creation timestamp(6),
			modified timestamp(6),
			modified_by varchar(140),
			owner varchar(140),
			docstatus smallint not null default '0',
			idx bigint not null default '0',
			"recipient" varchar(140),
"status" varchar(140) DEFAULT 'Not Sent',
"error" text,
parent varchar(140),
parentfield varchar(140),
parenttype varchar(140)
			)
2025-09-24 17:06:48,356 WARNING database DDL Query made to DB:
CREATE INDEX IF NOT EXISTS "status" ON "tabEmail Queue Recipient"("status");
2025-09-24 17:06:48,376 WARNING database DDL Query made to DB:
CREATE INDEX IF NOT EXISTS "modified_index" ON "public"."tabEmail Queue Recipient" ("modified")
2025-09-24 17:06:48,472 WARNING database DDL Query made to DB:
create table "tabEmail Group" (
			name varchar(140) primary key,
			creation timestamp(6),
			modified timestamp(6),
			modified_by varchar(140),
			owner varchar(140),
			docstatus smallint not null default '0',
			idx bigint not null default '0',
			"title" varchar(140) UNIQUE,
"total_subscribers" int NOT NULL DEFAULT 0,
"confirmation_email_template" varchar(140),
"welcome_email_template" varchar(140),
"welcome_url" varchar(140),
"add_query_parameters" smallint NOT NULL DEFAULT 0,
"_user_tags" text,
"_comments" text,
"_assign" text,
"_liked_by" text
			)
2025-09-24 17:06:48,556 WARNING database DDL Query made to DB:
create table "tabEmail Flag Queue" (
			name varchar(140) primary key,
			creation timestamp(6),
			modified timestamp(6),
			modified_by varchar(140),
			owner varchar(140),
			docstatus smallint not null default '0',
			idx bigint not null default '0',
			"is_completed" smallint NOT NULL DEFAULT 0,
"communication" varchar(140),
"action" varchar(140),
"email_account" varchar(140),
"uid" varchar(140),
"_user_tags" text,
"_comments" text,
"_assign" text,
"_liked_by" text
			)
2025-09-24 17:06:48,634 WARNING database DDL Query made to DB:
create table "tabEmail Template" (
			name varchar(140) primary key,
			creation timestamp(6),
			modified timestamp(6),
			modified_by varchar(140),
			owner varchar(140),
			docstatus smallint not null default '0',
			idx bigint not null default '0',
			"subject" varchar(140),
"use_html" smallint NOT NULL DEFAULT 0,
"response_html" text,
"response" text,
"_user_tags" text,
"_comments" text,
"_assign" text,
"_liked_by" text
			)
2025-09-24 17:06:48,700 WARNING database DDL Query made to DB:
create table "tabDocType Layout Field" (
			name varchar(140) primary key,
			creation timestamp(6),
			modified timestamp(6),
			modified_by varchar(140),
			owner varchar(140),
			docstatus smallint not null default '0',
			idx bigint not null default '0',
			"label" varchar(140),
"fieldname" varchar(140),
parent varchar(140),
parentfield varchar(140),
parenttype varchar(140)
			)
2025-09-24 17:06:49,244 WARNING database DDL Query made to DB:
create table "tabDocType Layout" (
			name varchar(140) primary key,
			creation timestamp(6),
			modified timestamp(6),
			modified_by varchar(140),
			owner varchar(140),
			docstatus smallint not null default '0',
			idx bigint not null default '0',
			"document_type" varchar(140),
"route" varchar(140),
"client_script" text,
"_user_tags" text,
"_comments" text,
"_assign" text,
"_liked_by" text
			)
2025-09-24 17:06:49,514 WARNING database DDL Query made to DB:
create table "tabCustomize Form Field" (
			name varchar(140) primary key,
			creation timestamp(6),
			modified timestamp(6),
			modified_by varchar(140),
			owner varchar(140),
			docstatus smallint not null default '0',
			idx bigint not null default '0',
			"is_system_generated" smallint NOT NULL DEFAULT 0,
"label" varchar(140),
"fieldtype" varchar(140) DEFAULT 'Data',
"fieldname" varchar(140),
"non_negative" smallint NOT NULL DEFAULT 0,
"reqd" smallint NOT NULL DEFAULT 0,
"unique" smallint NOT NULL DEFAULT 0,
"is_virtual" smallint NOT NULL DEFAULT 0,
"in_list_view" smallint NOT NULL DEFAULT 0,
"in_standard_filter" smallint NOT NULL DEFAULT 0,
"in_global_search" smallint NOT NULL DEFAULT 0,
"in_preview" smallint NOT NULL DEFAULT 0,
"bold" smallint NOT NULL DEFAULT 0,
"no_copy" smallint NOT NULL DEFAULT 0,
"allow_in_quick_entry" smallint NOT NULL DEFAULT 0,
"translatable" smallint NOT NULL DEFAULT 1,
"link_filters" json,
"default" text,
"precision" varchar(140),
"length" int NOT NULL DEFAULT 0,
"options" text,
"sort_options" smallint NOT NULL DEFAULT 0,
"fetch_from" text,
"fetch_if_empty" smallint NOT NULL DEFAULT 0,
"show_dashboard" smallint NOT NULL DEFAULT 0,
"depends_on" text,
"permlevel" int NOT NULL DEFAULT 0,
"hidden" smallint NOT NULL DEFAULT 0,
"read_only" smallint NOT NULL DEFAULT 0,
"collapsible" smallint NOT NULL DEFAULT 0,
"allow_bulk_edit" smallint NOT NULL DEFAULT 0,
"collapsible_depends_on" text,
"ignore_user_permissions" smallint NOT NULL DEFAULT 0,
"allow_on_submit" smallint NOT NULL DEFAULT 0,
"report_hide" smallint NOT NULL DEFAULT 0,
"remember_last_selected_value" smallint NOT NULL DEFAULT 0,
"hide_border" smallint NOT NULL DEFAULT 0,
"ignore_xss_filter" smallint NOT NULL DEFAULT 0,
"mandatory_depends_on" text,
"read_only_depends_on" text,
"in_filter" smallint NOT NULL DEFAULT 0,
"hide_seconds" smallint NOT NULL DEFAULT 0,
"hide_days" smallint NOT NULL DEFAULT 0,
"description" text,
"placeholder" varchar(140),
"print_hide" smallint NOT NULL DEFAULT 0,
"print_hide_if_no_value" smallint NOT NULL DEFAULT 0,
"print_width" varchar(140),
"columns" int NOT NULL DEFAULT 0,
"width" varchar(140),
"is_custom_field" smallint NOT NULL DEFAULT 0,
parent varchar(140),
parentfield varchar(140),
parenttype varchar(140)
			)
2025-09-24 17:06:49,522 WARNING database DDL Query made to DB:
CREATE INDEX IF NOT EXISTS "label" ON "tabCustomize Form Field"("label");CREATE INDEX IF NOT EXISTS "fieldtype" ON "tabCustomize Form Field"("fieldtype");CREATE INDEX IF NOT EXISTS "fieldname" ON "tabCustomize Form Field"("fieldname");
2025-09-24 17:06:49,724 WARNING database DDL Query made to DB:
create table "tabCurrency" (
			name varchar(140) primary key,
			creation timestamp(6),
			modified timestamp(6),
			modified_by varchar(140),
			owner varchar(140),
			docstatus smallint not null default '0',
			idx bigint not null default '0',
			"currency_name" varchar(140) UNIQUE,
"enabled" smallint NOT NULL DEFAULT 0,
"fraction" varchar(140),
"fraction_units" int NOT NULL DEFAULT 0,
"smallest_currency_fraction_value" decimal(21,9) NOT NULL DEFAULT 0.0,
"symbol" varchar(140),
"symbol_on_right" smallint NOT NULL DEFAULT 0,
"number_format" varchar(140),
"_user_tags" text,
"_comments" text,
"_assign" text,
"_liked_by" text
			)
2025-09-24 17:06:50,151 WARNING database DDL Query made to DB:
create table "tabCountry" (
			name varchar(140) primary key,
			creation timestamp(6),
			modified timestamp(6),
			modified_by varchar(140),
			owner varchar(140),
			docstatus smallint not null default '0',
			idx bigint not null default '0',
			"country_name" varchar(140) UNIQUE,
"code" varchar(2),
"date_format" varchar(140),
"time_format" varchar(140) DEFAULT 'HH:mm:ss',
"time_zones" text,
"_user_tags" text,
"_comments" text,
"_assign" text,
"_liked_by" text
			)
2025-09-24 17:06:50,251 WARNING database DDL Query made to DB:
create table "tabNote" (
			name varchar(140) primary key,
			creation timestamp(6),
			modified timestamp(6),
			modified_by varchar(140),
			owner varchar(140),
			docstatus smallint not null default '0',
			idx bigint not null default '0',
			"title" varchar(140),
"public" smallint NOT NULL DEFAULT 0,
"notify_on_login" smallint NOT NULL DEFAULT 0,
"notify_on_every_login" smallint NOT NULL DEFAULT 0,
"expire_notification_on" timestamp,
"content" text,
"_user_tags" text,
"_comments" text,
"_assign" text,
"_liked_by" text
			)
2025-09-24 17:06:50,257 WARNING database DDL Query made to DB:
CREATE INDEX IF NOT EXISTS "expire_notification_on" ON "tabNote"("expire_notification_on");
2025-09-24 17:06:50,533 WARNING database DDL Query made to DB:
create table "tabList View Settings" (
			name varchar(140) primary key,
			creation timestamp(6),
			modified timestamp(6),
			modified_by varchar(140),
			owner varchar(140),
			docstatus smallint not null default '0',
			idx bigint not null default '0',
			"disable_count" smallint NOT NULL DEFAULT 0,
"disable_auto_refresh" smallint NOT NULL DEFAULT 0,
"disable_sidebar_stats" smallint NOT NULL DEFAULT 0,
"disable_automatic_recency_filters" smallint NOT NULL DEFAULT 0,
"disable_comment_count" smallint NOT NULL DEFAULT 0,
"disable_scrolling" smallint NOT NULL DEFAULT 0,
"allow_edit" smallint NOT NULL DEFAULT 0,
"fields" text,
"_user_tags" text,
"_comments" text,
"_assign" text,
"_liked_by" text
			)
2025-09-24 17:06:50,604 WARNING database DDL Query made to DB:
create table "tabDashboard Chart Field" (
			name varchar(140) primary key,
			creation timestamp(6),
			modified timestamp(6),
			modified_by varchar(140),
			owner varchar(140),
			docstatus smallint not null default '0',
			idx bigint not null default '0',
			"y_field" varchar(140),
"color" varchar(140),
parent varchar(140),
parentfield varchar(140),
parenttype varchar(140)
			)
2025-09-24 17:06:50,696 WARNING database DDL Query made to DB:
create table "tabNote Seen By" (
			name varchar(140) primary key,
			creation timestamp(6),
			modified timestamp(6),
			modified_by varchar(140),
			owner varchar(140),
			docstatus smallint not null default '0',
			idx bigint not null default '0',
			"user" varchar(140),
parent varchar(140),
parentfield varchar(140),
parenttype varchar(140)
			)
2025-09-24 17:06:51,006 WARNING database DDL Query made to DB:
create table "tabNumber Card Link" (
			name varchar(140) primary key,
			creation timestamp(6),
			modified timestamp(6),
			modified_by varchar(140),
			owner varchar(140),
			docstatus smallint not null default '0',
			idx bigint not null default '0',
			"card" varchar(140),
parent varchar(140),
parentfield varchar(140),
parenttype varchar(140)
			)
2025-09-24 17:06:51,100 WARNING database DDL Query made to DB:
create table "tabEvent Participants" (
			name varchar(140) primary key,
			creation timestamp(6),
			modified timestamp(6),
			modified_by varchar(140),
			owner varchar(140),
			docstatus smallint not null default '0',
			idx bigint not null default '0',
			"reference_doctype" varchar(140),
"reference_docname" varchar(140),
"email" varchar(140),
parent varchar(140),
parentfield varchar(140),
parenttype varchar(140)
			)
2025-09-24 17:06:51,373 WARNING database DDL Query made to DB:
create table "tabKanban Board Column" (
			name varchar(140) primary key,
			creation timestamp(6),
			modified timestamp(6),
			modified_by varchar(140),
			owner varchar(140),
			docstatus smallint not null default '0',
			idx bigint not null default '0',
			"column_name" varchar(140),
"status" varchar(140) DEFAULT 'Active',
"indicator" varchar(140) DEFAULT 'Gray',
"order" text,
parent varchar(140),
parentfield varchar(140),
parenttype varchar(140)
			)
2025-09-24 17:06:51,451 WARNING database DDL Query made to DB:
create table "tabDashboard Settings" (
			name varchar(140) primary key,
			creation timestamp(6),
			modified timestamp(6),
			modified_by varchar(140),
			owner varchar(140),
			docstatus smallint not null default '0',
			idx bigint not null default '0',
			"user" varchar(140),
"chart_config" text,
"_user_tags" text,
"_comments" text,
"_assign" text,
"_liked_by" text
			)
2025-09-24 17:06:51,513 WARNING database DDL Query made to DB:
create table "tabNotification Subscribed Document" (
			name varchar(140) primary key,
			creation timestamp(6),
			modified timestamp(6),
			modified_by varchar(140),
			owner varchar(140),
			docstatus smallint not null default '0',
			idx bigint not null default '0',
			"document" varchar(140),
parent varchar(140),
parentfield varchar(140),
parenttype varchar(140)
			)
2025-09-24 17:06:51,610 WARNING database DDL Query made to DB:
create table "tabDashboard Chart Link" (
			name varchar(140) primary key,
			creation timestamp(6),
			modified timestamp(6),
			modified_by varchar(140),
			owner varchar(140),
			docstatus smallint not null default '0',
			idx bigint not null default '0',
			"chart" varchar(140),
"width" varchar(140) DEFAULT 'Half',
parent varchar(140),
parentfield varchar(140),
parenttype varchar(140)
			)
2025-09-24 17:06:51,767 WARNING database DDL Query made to DB:
create table "tabCustom HTML Block" (
			name varchar(140) primary key,
			creation timestamp(6),
			modified timestamp(6),
			modified_by varchar(140),
			owner varchar(140),
			docstatus smallint not null default '0',
			idx bigint not null default '0',
			"private" smallint NOT NULL DEFAULT 0,
"html" text,
"script" text,
"style" text,
"_user_tags" text,
"_comments" text,
"_assign" text,
"_liked_by" text
			)
2025-09-24 17:06:51,959 WARNING database DDL Query made to DB:
create table "tabToDo" (
			name varchar(140) primary key,
			creation timestamp(6),
			modified timestamp(6),
			modified_by varchar(140),
			owner varchar(140),
			docstatus smallint not null default '0',
			idx bigint not null default '0',
			"status" varchar(140) DEFAULT 'Open',
"priority" varchar(140) DEFAULT 'Medium',
"color" varchar(140),
"date" date,
"allocated_to" varchar(140),
"description" text,
"reference_type" varchar(140),
"reference_name" varchar(140),
"role" varchar(140),
"assigned_by" varchar(140),
"assigned_by_full_name" varchar(140),
"sender" varchar(140),
"assignment_rule" varchar(140),
"_user_tags" text,
"_comments" text,
"_assign" text,
"_liked_by" text,
"_seen" text
			)
2025-09-24 17:06:51,989 WARNING database DDL Query made to DB:
CREATE INDEX IF NOT EXISTS "reference_type_reference_name_index" ON "public"."tabToDo" ("reference_type", "reference_name")
2025-09-24 17:06:52,047 WARNING database DDL Query made to DB:
create table "tabCalendar View" (
			name varchar(140) primary key,
			creation timestamp(6),
			modified timestamp(6),
			modified_by varchar(140),
			owner varchar(140),
			docstatus smallint not null default '0',
			idx bigint not null default '0',
			"reference_doctype" varchar(140),
"subject_field" varchar(140),
"start_date_field" varchar(140),
"end_date_field" varchar(140),
"all_day" smallint NOT NULL DEFAULT 0,
"_user_tags" text,
"_comments" text,
"_assign" text,
"_liked_by" text
			)
2025-09-24 17:06:52,207 WARNING database DDL Query made to DB:
create table "tabNotification Settings" (
			name varchar(140) primary key,
			creation timestamp(6),
			modified timestamp(6),
			modified_by varchar(140),
			owner varchar(140),
			docstatus smallint not null default '0',
			idx bigint not null default '0',
			"enabled" smallint NOT NULL DEFAULT 1,
"enable_email_notifications" smallint NOT NULL DEFAULT 1,
"enable_email_mention" smallint NOT NULL DEFAULT 1,
"enable_email_assignment" smallint NOT NULL DEFAULT 1,
"enable_email_threads_on_assigned_document" smallint NOT NULL DEFAULT 1,
"enable_email_share" smallint NOT NULL DEFAULT 1,
"enable_email_event_reminders" smallint NOT NULL DEFAULT 1,
"user" varchar(140),
"seen" smallint NOT NULL DEFAULT 0,
"_user_tags" text,
"_comments" text,
"_assign" text,
"_liked_by" text
			)
2025-09-24 17:06:52,289 WARNING database DDL Query made to DB:
create table "tabRoute History" (
			name varchar(140) primary key,
			creation timestamp(6),
			modified timestamp(6),
			modified_by varchar(140),
			owner varchar(140),
			docstatus smallint not null default '0',
			idx bigint not null default '0',
			"route" varchar(140),
"user" varchar(140),
"_user_tags" text,
"_comments" text,
"_assign" text,
"_liked_by" text
			)
2025-09-24 17:06:52,365 WARNING database DDL Query made to DB:
create table "tabChangelog Feed" (
			name varchar(140) primary key,
			creation timestamp(6),
			modified timestamp(6),
			modified_by varchar(140),
			owner varchar(140),
			docstatus smallint not null default '0',
			idx bigint not null default '0',
			"title" varchar(140),
"app_name" varchar(140),
"link" text,
"posting_timestamp" timestamp,
"_user_tags" text,
"_comments" text,
"_assign" text,
"_liked_by" text
			)
2025-09-24 17:06:52,368 WARNING database DDL Query made to DB:
CREATE INDEX IF NOT EXISTS "posting_timestamp" ON "tabChangelog Feed"("posting_timestamp");
2025-09-24 17:06:52,475 WARNING database DDL Query made to DB:
create table "tabKanban Board" (
			name varchar(140) primary key,
			creation timestamp(6),
			modified timestamp(6),
			modified_by varchar(140),
			owner varchar(140),
			docstatus smallint not null default '0',
			idx bigint not null default '0',
			"kanban_board_name" varchar(140) UNIQUE,
"reference_doctype" varchar(140),
"field_name" varchar(140),
"private" smallint NOT NULL DEFAULT 0,
"show_labels" smallint NOT NULL DEFAULT 0,
"filters" text,
"fields" text,
"_user_tags" text,
"_comments" text,
"_assign" text,
"_liked_by" text
			)
2025-09-24 17:06:52,552 WARNING database DDL Query made to DB:
create table "tabConsole Log" (
			name varchar(140) primary key,
			creation timestamp(6),
			modified timestamp(6),
			modified_by varchar(140),
			owner varchar(140),
			docstatus smallint not null default '0',
			idx bigint not null default '0',
			"script" text,
"type" varchar(140),
"committed" smallint NOT NULL DEFAULT 0,
"_user_tags" text,
"_comments" text,
"_assign" text,
"_liked_by" text
			)
2025-09-24 17:06:52,676 WARNING database DDL Query made to DB:
create table "tabGlobal Search DocType" (
			name varchar(140) primary key,
			creation timestamp(6),
			modified timestamp(6),
			modified_by varchar(140),
			owner varchar(140),
			docstatus smallint not null default '0',
			idx bigint not null default '0',
			"document_type" varchar(140),
parent varchar(140),
parentfield varchar(140),
parenttype varchar(140)
			)
2025-09-24 17:06:52,809 WARNING database DDL Query made to DB:
create table "tabTag Link" (
			name varchar(140) primary key,
			creation timestamp(6),
			modified timestamp(6),
			modified_by varchar(140),
			owner varchar(140),
			docstatus smallint not null default '0',
			idx bigint not null default '0',
			"document_type" varchar(140),
"document_name" varchar(140),
"tag" varchar(140),
"title" varchar(140),
"_user_tags" text,
"_comments" text,
"_assign" text,
"_liked_by" text
			)
2025-09-24 17:06:52,832 WARNING database DDL Query made to DB:
CREATE INDEX IF NOT EXISTS "document_type_document_name_index" ON "public"."tabTag Link" ("document_type", "document_name")
2025-09-24 17:06:53,042 WARNING database DDL Query made to DB:
create table "tabDesktop Icon" (
			name varchar(140) primary key,
			creation timestamp(6),
			modified timestamp(6),
			modified_by varchar(140),
			owner varchar(140),
			docstatus smallint not null default '0',
			idx bigint not null default '0',
			"module_name" varchar(140),
"label" varchar(140),
"standard" smallint NOT NULL DEFAULT 0,
"custom" smallint NOT NULL DEFAULT 0,
"app" varchar(140),
"description" text,
"category" varchar(140),
"hidden" smallint NOT NULL DEFAULT 0,
"blocked" smallint NOT NULL DEFAULT 0,
"force_show" smallint NOT NULL DEFAULT 0,
"type" varchar(140),
"_doctype" varchar(140),
"_report" varchar(140),
"link" text,
"color" varchar(140),
"icon" varchar(140),
"reverse" smallint NOT NULL DEFAULT 0,
"_user_tags" text,
"_comments" text,
"_assign" text,
"_liked_by" text
			)
2025-09-24 17:06:53,071 WARNING database DDL Query made to DB:
ALTER TABLE "public"."tabDesktop Icon"
					ADD CONSTRAINT "unique_module_name_owner_standard" UNIQUE ("module_name", "owner", "standard")
2025-09-24 17:06:53,139 WARNING database DDL Query made to DB:
create table "tabNotification Log" (
			name varchar(140) primary key,
			creation timestamp(6),
			modified timestamp(6),
			modified_by varchar(140),
			owner varchar(140),
			docstatus smallint not null default '0',
			idx bigint not null default '0',
			"subject" text,
"for_user" varchar(140),
"type" varchar(140),
"email_content" text,
"document_type" varchar(140),
"read" smallint NOT NULL DEFAULT 0,
"document_name" varchar(140),
"attached_file" text,
"from_user" varchar(140),
"link" text,
"email_header" varchar(140),
"_user_tags" text,
"_comments" text,
"_assign" text,
"_liked_by" text,
"_seen" text
			)
2025-09-24 17:06:53,142 WARNING database DDL Query made to DB:
CREATE INDEX IF NOT EXISTS "for_user" ON "tabNotification Log"("for_user");CREATE INDEX IF NOT EXISTS "document_name" ON "tabNotification Log"("document_name");
2025-09-24 17:06:53,267 WARNING database DDL Query made to DB:
create table "tabEvent" (
			name varchar(140) primary key,
			creation timestamp(6),
			modified timestamp(6),
			modified_by varchar(140),
			owner varchar(140),
			docstatus smallint not null default '0',
			idx bigint not null default '0',
			"subject" text,
"event_category" varchar(140),
"event_type" varchar(140),
"color" varchar(140),
"send_reminder" smallint NOT NULL DEFAULT 1,
"repeat_this_event" smallint NOT NULL DEFAULT 0,
"starts_on" timestamp,
"ends_on" timestamp,
"status" varchar(140) DEFAULT 'Open',
"sender" varchar(140),
"all_day" smallint NOT NULL DEFAULT 0,
"sync_with_google_calendar" smallint NOT NULL DEFAULT 0,
"add_video_conferencing" smallint NOT NULL DEFAULT 0,
"google_calendar" varchar(140),
"google_calendar_id" varchar(140),
"google_calendar_event_id" varchar(320),
"google_meet_link" text,
"pulled_from_google_calendar" smallint NOT NULL DEFAULT 0,
"repeat_on" varchar(140),
"repeat_till" date,
"monday" smallint NOT NULL DEFAULT 0,
"tuesday" smallint NOT NULL DEFAULT 0,
"wednesday" smallint NOT NULL DEFAULT 0,
"thursday" smallint NOT NULL DEFAULT 0,
"friday" smallint NOT NULL DEFAULT 0,
"saturday" smallint NOT NULL DEFAULT 0,
"sunday" smallint NOT NULL DEFAULT 0,
"description" text,
"reference_doctype" varchar(140),
"reference_docname" varchar(140),
"_user_tags" text,
"_comments" text,
"_assign" text,
"_liked_by" text,
"_seen" text
			)
2025-09-24 17:06:53,269 WARNING database DDL Query made to DB:
CREATE INDEX IF NOT EXISTS "event_type" ON "tabEvent"("event_type");
2025-09-24 17:06:53,346 WARNING database DDL Query made to DB:
create table "tabTag" (
			name varchar(140) primary key,
			creation timestamp(6),
			modified timestamp(6),
			modified_by varchar(140),
			owner varchar(140),
			docstatus smallint not null default '0',
			idx bigint not null default '0',
			"description" text,
"_user_tags" text,
"_comments" text,
"_assign" text,
"_liked_by" text
			)
2025-09-24 17:06:53,413 WARNING database DDL Query made to DB:
create table "tabList Filter" (
			name varchar(140) primary key,
			creation timestamp(6),
			modified timestamp(6),
			modified_by varchar(140),
			owner varchar(140),
			docstatus smallint not null default '0',
			idx bigint not null default '0',
			"filter_name" varchar(140),
"reference_doctype" varchar(140),
"for_user" varchar(140),
"filters" text,
"_user_tags" text,
"_comments" text,
"_assign" text,
"_liked_by" text
			)
2025-09-24 17:06:53,753 WARNING database DDL Query made to DB:
create table "tabWebhook" (
			name varchar(140) primary key,
			creation timestamp(6),
			modified timestamp(6),
			modified_by varchar(140),
			owner varchar(140),
			docstatus smallint not null default '0',
			idx bigint not null default '0',
			"webhook_doctype" varchar(140),
"webhook_docevent" varchar(140),
"enabled" smallint NOT NULL DEFAULT 1,
"condition" text,
"request_url" text,
"is_dynamic_url" smallint NOT NULL DEFAULT 0,
"timeout" int NOT NULL DEFAULT 5,
"background_jobs_queue" varchar(140),
"request_method" varchar(140) DEFAULT 'POST',
"request_structure" varchar(140),
"enable_security" smallint NOT NULL DEFAULT 0,
"webhook_secret" text,
"webhook_json" text,
"_user_tags" text,
"_comments" text,
"_assign" text,
"_liked_by" text
			)
2025-09-24 17:06:54,011 WARNING database DDL Query made to DB:
create table "tabWebhook Data" (
			name varchar(140) primary key,
			creation timestamp(6),
			modified timestamp(6),
			modified_by varchar(140),
			owner varchar(140),
			docstatus smallint not null default '0',
			idx bigint not null default '0',
			"fieldname" varchar(140),
"key" varchar(140),
parent varchar(140),
parentfield varchar(140),
parenttype varchar(140)
			)
2025-09-24 17:06:54,130 WARNING database DDL Query made to DB:
create table "tabGoogle Calendar" (
			name varchar(140) primary key,
			creation timestamp(6),
			modified timestamp(6),
			modified_by varchar(140),
			owner varchar(140),
			docstatus smallint not null default '0',
			idx bigint not null default '0',
			"enable" smallint NOT NULL DEFAULT 1,
"calendar_name" varchar(140) UNIQUE,
"user" varchar(140),
"pull_from_google_calendar" smallint NOT NULL DEFAULT 1,
"sync_as_public" smallint NOT NULL DEFAULT 0,
"push_to_google_calendar" smallint NOT NULL DEFAULT 1,
"google_calendar_id" varchar(140),
"refresh_token" text,
"authorization_code" text,
"next_sync_token" text,
"_user_tags" text,
"_comments" text,
"_assign" text,
"_liked_by" text
			)
2025-09-24 17:06:54,518 WARNING database DDL Query made to DB:
create table "tabQuery Parameters" (
			name varchar(140) primary key,
			creation timestamp(6),
			modified timestamp(6),
			modified_by varchar(140),
			owner varchar(140),
			docstatus smallint not null default '0',
			idx bigint not null default '0',
			"key" varchar(140),
"value" varchar(140),
parent varchar(140),
parentfield varchar(140),
parenttype varchar(140)
			)
2025-09-24 17:06:54,576 WARNING database DDL Query made to DB:
create table "tabOAuth Scope" (
			name varchar(140) primary key,
			creation timestamp(6),
			modified timestamp(6),
			modified_by varchar(140),
			owner varchar(140),
			docstatus smallint not null default '0',
			idx bigint not null default '0',
			"scope" varchar(140),
parent varchar(140),
parentfield varchar(140),
parenttype varchar(140)
			)
2025-09-24 17:06:54,657 WARNING database DDL Query made to DB:
create table "tabIntegration Request" (
			name varchar(140) primary key,
			creation timestamp(6),
			modified timestamp(6),
			modified_by varchar(140),
			owner varchar(140),
			docstatus smallint not null default '0',
			idx bigint not null default '0',
			"request_id" varchar(140),
"integration_request_service" varchar(140),
"is_remote_request" smallint NOT NULL DEFAULT 0,
"request_description" varchar(140),
"status" varchar(140) DEFAULT 'Queued',
"url" text,
"request_headers" text,
"data" text,
"output" text,
"error" text,
"reference_doctype" varchar(140),
"reference_docname" varchar(140),
"_user_tags" text,
"_comments" text,
"_assign" text,
"_liked_by" text
			)
2025-09-24 17:06:54,813 WARNING database DDL Query made to DB:
create table "tabOAuth Client" (
			name varchar(140) primary key,
			creation timestamp(6),
			modified timestamp(6),
			modified_by varchar(140),
			owner varchar(140),
			docstatus smallint not null default '0',
			idx bigint not null default '0',
			"client_id" varchar(140),
"user" varchar(140),
"client_secret" varchar(140),
"default_redirect_uri" varchar(140),
"skip_authorization" smallint NOT NULL DEFAULT 0,
"app_name" varchar(140),
"scopes" text DEFAULT 'all openid',
"redirect_uris" text,
"client_uri" varchar(140),
"software_id" varchar(140),
"tos_uri" varchar(140),
"contacts" text,
"logo_uri" varchar(140),
"software_version" varchar(140),
"policy_uri" varchar(140),
"grant_type" varchar(140),
"token_endpoint_auth_method" varchar(140) DEFAULT 'Client Secret Basic',
"response_type" varchar(140) DEFAULT 'Code',
"_user_tags" text,
"_comments" text,
"_assign" text,
"_liked_by" text
			)
2025-09-24 17:06:54,943 WARNING database DDL Query made to DB:
create table "tabSlack Webhook URL" (
			name varchar(140) primary key,
			creation timestamp(6),
			modified timestamp(6),
			modified_by varchar(140),
			owner varchar(140),
			docstatus smallint not null default '0',
			idx bigint not null default '0',
			"webhook_name" varchar(140) UNIQUE,
"webhook_url" varchar(140),
"show_document_link" smallint NOT NULL DEFAULT 1,
"_user_tags" text,
"_comments" text,
"_assign" text,
"_liked_by" text
			)
2025-09-24 17:06:55,020 WARNING database DDL Query made to DB:
create table "tabOAuth Client Role" (
			name varchar(140) primary key,
			creation timestamp(6),
			modified timestamp(6),
			modified_by varchar(140),
			owner varchar(140),
			docstatus smallint not null default '0',
			idx bigint not null default '0',
			"role" varchar(140),
parent varchar(140),
parentfield varchar(140),
parenttype varchar(140)
			)
2025-09-24 17:06:55,101 WARNING database DDL Query made to DB:
create table "tabGoogle Contacts" (
			name varchar(140) primary key,
			creation timestamp(6),
			modified timestamp(6),
			modified_by varchar(140),
			owner varchar(140),
			docstatus smallint not null default '0',
			idx bigint not null default '0',
			"enable" smallint NOT NULL DEFAULT 0,
"email_id" varchar(140),
"last_sync_on" timestamp,
"authorization_code" text,
"refresh_token" text,
"next_sync_token" text,
"pull_from_google_contacts" smallint NOT NULL DEFAULT 0,
"push_to_google_contacts" smallint NOT NULL DEFAULT 0,
"_user_tags" text,
"_comments" text,
"_assign" text,
"_liked_by" text
			)
2025-09-24 17:06:55,604 WARNING database DDL Query made to DB:
create table "tabOAuth Bearer Token" (
			name varchar(140) primary key,
			creation timestamp(6),
			modified timestamp(6),
			modified_by varchar(140),
			owner varchar(140),
			docstatus smallint not null default '0',
			idx bigint not null default '0',
			"client" varchar(140),
"user" varchar(140) NOT NULL DEFAULT '',
"scopes" text,
"access_token" varchar(140) UNIQUE,
"refresh_token" varchar(140),
"expiration_time" timestamp,
"expires_in" int NOT NULL DEFAULT 0,
"status" varchar(140),
"_user_tags" text,
"_comments" text,
"_assign" text,
"_liked_by" text
			)
2025-09-24 17:06:55,606 WARNING database DDL Query made to DB:
CREATE INDEX IF NOT EXISTS "user" ON "tabOAuth Bearer Token"("user");CREATE INDEX IF NOT EXISTS "expiration_time" ON "tabOAuth Bearer Token"("expiration_time");
2025-09-24 17:06:55,694 WARNING database DDL Query made to DB:
create table "tabConnected App" (
			name varchar(140) primary key,
			creation timestamp(6),
			modified timestamp(6),
			modified_by varchar(140),
			owner varchar(140),
			docstatus smallint not null default '0',
			idx bigint not null default '0',
			"provider_name" varchar(140),
"openid_configuration" varchar(140),
"client_id" varchar(140),
"redirect_uri" varchar(140),
"client_secret" text,
"authorization_uri" text,
"token_uri" varchar(140),
"revocation_uri" varchar(140),
"userinfo_uri" varchar(140),
"introspection_uri" varchar(140),
"_user_tags" text,
"_comments" text,
"_assign" text,
"_liked_by" text
			)
2025-09-24 17:06:55,939 WARNING database DDL Query made to DB:
create table "tabWebhook Request Log" (
			name varchar(140) primary key,
			creation timestamp(6),
			modified timestamp(6),
			modified_by varchar(140),
			owner varchar(140),
			docstatus smallint not null default '0',
			idx bigint not null default '0',
			"webhook" varchar(140),
"reference_doctype" varchar(140),
"reference_document" varchar(140),
"headers" text,
"data" text,
"user" varchar(140),
"url" text,
"response" text,
"error" text,
"_user_tags" text,
"_comments" text,
"_assign" text,
"_liked_by" text
			)
2025-09-24 17:06:55,941 WARNING database DDL Query made to DB:
CREATE INDEX IF NOT EXISTS "webhook" ON "tabWebhook Request Log"("webhook");
2025-09-24 17:06:56,007 WARNING database DDL Query made to DB:
create table "tabLDAP Group Mapping" (
			name varchar(140) primary key,
			creation timestamp(6),
			modified timestamp(6),
			modified_by varchar(140),
			owner varchar(140),
			docstatus smallint not null default '0',
			idx bigint not null default '0',
			"ldap_group" varchar(140),
"erpnext_role" varchar(140),
parent varchar(140),
parentfield varchar(140),
parenttype varchar(140)
			)
2025-09-24 17:06:56,229 WARNING database DDL Query made to DB:
create table "tabWebhook Header" (
			name varchar(140) primary key,
			creation timestamp(6),
			modified timestamp(6),
			modified_by varchar(140),
			owner varchar(140),
			docstatus smallint not null default '0',
			idx bigint not null default '0',
			"key" text,
"value" text,
parent varchar(140),
parentfield varchar(140),
parenttype varchar(140)
			)
2025-09-24 17:06:56,325 WARNING database DDL Query made to DB:
create table "tabSocial Login Key" (
			name varchar(140) primary key,
			creation timestamp(6),
			modified timestamp(6),
			modified_by varchar(140),
			owner varchar(140),
			docstatus smallint not null default '0',
			idx bigint not null default '0',
			"enable_social_login" smallint NOT NULL DEFAULT 0,
"social_login_provider" varchar(140) DEFAULT 'Custom',
"client_id" varchar(140),
"provider_name" varchar(140),
"client_secret" text,
"icon" varchar(140),
"base_url" varchar(140),
"sign_ups" varchar(140),
"show_in_resource_metadata" smallint NOT NULL DEFAULT 1,
"authorize_url" varchar(140),
"access_token_url" varchar(140),
"redirect_url" varchar(140),
"api_endpoint" varchar(140),
"custom_base_url" smallint NOT NULL DEFAULT 0,
"api_endpoint_args" text,
"auth_url_data" text,
"user_id_property" varchar(140),
"_user_tags" text,
"_comments" text,
"_assign" text,
"_liked_by" text
			)
2025-09-24 17:06:56,462 WARNING database DDL Query made to DB:
create table "tabOAuth Authorization Code" (
			name varchar(140) primary key,
			creation timestamp(6),
			modified timestamp(6),
			modified_by varchar(140),
			owner varchar(140),
			docstatus smallint not null default '0',
			idx bigint not null default '0',
			"client" varchar(140),
"user" varchar(140),
"scopes" text,
"authorization_code" varchar(140) UNIQUE,
"expiration_time" timestamp,
"redirect_uri_bound_to_authorization_code" varchar(140),
"validity" varchar(140),
"nonce" varchar(140),
"code_challenge" varchar(140),
"code_challenge_method" varchar(140),
"_user_tags" text,
"_comments" text,
"_assign" text,
"_liked_by" text
			)
2025-09-24 17:06:56,571 WARNING database DDL Query made to DB:
create table "tabToken Cache" (
			name varchar(140) primary key,
			creation timestamp(6),
			modified timestamp(6),
			modified_by varchar(140),
			owner varchar(140),
			docstatus smallint not null default '0',
			idx bigint not null default '0',
			"user" varchar(140),
"connected_app" varchar(140),
"provider_name" varchar(140),
"access_token" text,
"refresh_token" text,
"expires_in" int NOT NULL DEFAULT 0,
"state" varchar(140),
"success_uri" varchar(140),
"token_type" varchar(140),
"_user_tags" text,
"_comments" text,
"_assign" text,
"_liked_by" text
			)
2025-09-24 17:06:56,742 WARNING database DDL Query made to DB:
create table "tabNetwork Printer Settings" (
			name varchar(140) primary key,
			creation timestamp(6),
			modified timestamp(6),
			modified_by varchar(140),
			owner varchar(140),
			docstatus smallint not null default '0',
			idx bigint not null default '0',
			"server_ip" varchar(140) DEFAULT 'localhost',
"port" int NOT NULL DEFAULT 631,
"printer_name" varchar(140),
"_user_tags" text,
"_comments" text,
"_assign" text,
"_liked_by" text
			)
2025-09-24 17:06:56,993 WARNING database DDL Query made to DB:
create table "tabPrint Format Field Template" (
			name varchar(140) primary key,
			creation timestamp(6),
			modified timestamp(6),
			modified_by varchar(140),
			owner varchar(140),
			docstatus smallint not null default '0',
			idx bigint not null default '0',
			"document_type" varchar(140),
"field" varchar(140),
"template_file" varchar(140),
"module" varchar(140),
"standard" smallint NOT NULL DEFAULT 0,
"template" text,
"_user_tags" text,
"_comments" text,
"_assign" text,
"_liked_by" text
			)
2025-09-24 17:06:57,087 WARNING database DDL Query made to DB:
create table "tabLetter Head" (
			name varchar(140) primary key,
			creation timestamp(6),
			modified timestamp(6),
			modified_by varchar(140),
			owner varchar(140),
			docstatus smallint not null default '0',
			idx bigint not null default '0',
			"letter_head_name" varchar(140) UNIQUE,
"source" varchar(140),
"footer_source" varchar(140) DEFAULT 'HTML',
"disabled" smallint NOT NULL DEFAULT 0,
"is_default" smallint NOT NULL DEFAULT 0,
"image" text,
"image_height" decimal(21,9) NOT NULL DEFAULT 0.0,
"image_width" decimal(21,9) NOT NULL DEFAULT 0.0,
"align" varchar(140) DEFAULT 'Left',
"content" text,
"footer" text,
"footer_image" text,
"footer_image_height" decimal(21,9) NOT NULL DEFAULT 0.0,
"footer_image_width" decimal(21,9) NOT NULL DEFAULT 0.0,
"footer_align" varchar(140),
"header_script" text,
"footer_script" text,
"_user_tags" text,
"_comments" text,
"_assign" text,
"_liked_by" text
			)
2025-09-24 17:06:57,088 WARNING database DDL Query made to DB:
CREATE INDEX IF NOT EXISTS "is_default" ON "tabLetter Head"("is_default");
2025-09-24 17:06:57,160 WARNING database DDL Query made to DB:
create table "tabPrint Heading" (
			name varchar(140) primary key,
			creation timestamp(6),
			modified timestamp(6),
			modified_by varchar(140),
			owner varchar(140),
			docstatus smallint not null default '0',
			idx bigint not null default '0',
			"print_heading" varchar(140) UNIQUE,
"description" text,
"_user_tags" text,
"_comments" text,
"_assign" text,
"_liked_by" text
			)
2025-09-24 17:06:57,487 WARNING database DDL Query made to DB:
create table "tabContact Email" (
			name varchar(140) primary key,
			creation timestamp(6),
			modified timestamp(6),
			modified_by varchar(140),
			owner varchar(140),
			docstatus smallint not null default '0',
			idx bigint not null default '0',
			"email_id" varchar(140),
"is_primary" smallint NOT NULL DEFAULT 0,
parent varchar(140),
parentfield varchar(140),
parenttype varchar(140)
			)
2025-09-24 17:06:57,707 WARNING database DDL Query made to DB:
create table "tabAddress Template" (
			name varchar(140) primary key,
			creation timestamp(6),
			modified timestamp(6),
			modified_by varchar(140),
			owner varchar(140),
			docstatus smallint not null default '0',
			idx bigint not null default '0',
			"country" varchar(140) UNIQUE,
"is_default" smallint NOT NULL DEFAULT 0,
"template" text,
"_user_tags" text,
"_comments" text,
"_assign" text,
"_liked_by" text
			)
2025-09-24 17:06:57,871 WARNING database DDL Query made to DB:
create table "tabContact" (
			name varchar(140) primary key,
			creation timestamp(6),
			modified timestamp(6),
			modified_by varchar(140),
			owner varchar(140),
			docstatus smallint not null default '0',
			idx bigint not null default '0',
			"first_name" varchar(140),
"middle_name" varchar(140),
"last_name" varchar(140),
"full_name" varchar(140),
"email_id" varchar(140),
"user" varchar(140),
"address" varchar(140),
"sync_with_google_contacts" smallint NOT NULL DEFAULT 0,
"status" varchar(140) DEFAULT 'Passive',
"salutation" varchar(140),
"designation" varchar(140),
"gender" varchar(140),
"phone" varchar(140),
"mobile_no" varchar(140),
"company_name" varchar(140),
"image" text,
"google_contacts" varchar(140),
"google_contacts_id" varchar(140),
"pulled_from_google_contacts" smallint NOT NULL DEFAULT 0,
"is_primary_contact" smallint NOT NULL DEFAULT 0,
"department" varchar(140),
"unsubscribed" smallint NOT NULL DEFAULT 0,
"_user_tags" text,
"_comments" text,
"_assign" text,
"_liked_by" text
			)
2025-09-24 17:06:57,873 WARNING database DDL Query made to DB:
CREATE INDEX IF NOT EXISTS "email_id" ON "tabContact"("email_id");
2025-09-24 17:06:58,040 WARNING database DDL Query made to DB:
create table "tabContact Phone" (
			name varchar(140) primary key,
			creation timestamp(6),
			modified timestamp(6),
			modified_by varchar(140),
			owner varchar(140),
			docstatus smallint not null default '0',
			idx bigint not null default '0',
			"phone" varchar(140),
"is_primary_phone" smallint NOT NULL DEFAULT 0,
"is_primary_mobile_no" smallint NOT NULL DEFAULT 0,
parent varchar(140),
parentfield varchar(140),
parenttype varchar(140)
			)
2025-09-24 17:06:58,103 WARNING database DDL Query made to DB:
create table "tabGender" (
			name varchar(140) primary key,
			creation timestamp(6),
			modified timestamp(6),
			modified_by varchar(140),
			owner varchar(140),
			docstatus smallint not null default '0',
			idx bigint not null default '0',
			"gender" varchar(140) UNIQUE,
"_user_tags" text,
"_comments" text,
"_assign" text,
"_liked_by" text
			)
2025-09-24 17:06:58,197 WARNING database DDL Query made to DB:
create table "tabAddress" (
			name varchar(140) primary key,
			creation timestamp(6),
			modified timestamp(6),
			modified_by varchar(140),
			owner varchar(140),
			docstatus smallint not null default '0',
			idx bigint not null default '0',
			"address_title" varchar(140),
"address_type" varchar(140),
"address_line1" varchar(240),
"address_line2" varchar(240),
"city" varchar(140),
"county" varchar(140),
"state" varchar(140),
"country" varchar(140),
"pincode" varchar(140),
"email_id" varchar(140),
"phone" varchar(140),
"fax" varchar(140),
"is_primary_address" smallint NOT NULL DEFAULT 0,
"is_shipping_address" smallint NOT NULL DEFAULT 0,
"disabled" smallint NOT NULL DEFAULT 0,
"_user_tags" text,
"_comments" text,
"_assign" text,
"_liked_by" text
			)
2025-09-24 17:06:58,201 WARNING database DDL Query made to DB:
CREATE INDEX IF NOT EXISTS "city" ON "tabAddress"("city");CREATE INDEX IF NOT EXISTS "country" ON "tabAddress"("country");CREATE INDEX IF NOT EXISTS "pincode" ON "tabAddress"("pincode");
2025-09-24 17:06:58,281 WARNING database DDL Query made to DB:
create table "tabSalutation" (
			name varchar(140) primary key,
			creation timestamp(6),
			modified timestamp(6),
			modified_by varchar(140),
			owner varchar(140),
			docstatus smallint not null default '0',
			idx bigint not null default '0',
			"salutation" varchar(140) UNIQUE,
"_user_tags" text,
"_comments" text,
"_assign" text,
"_liked_by" text
			)
2025-09-24 17:06:58,390 WARNING database DDL Query made to DB:
create table "tabAssignment Rule User" (
			name varchar(140) primary key,
			creation timestamp(6),
			modified timestamp(6),
			modified_by varchar(140),
			owner varchar(140),
			docstatus smallint not null default '0',
			idx bigint not null default '0',
			"user" varchar(140),
parent varchar(140),
parentfield varchar(140),
parenttype varchar(140)
			)
2025-09-24 17:06:58,670 WARNING database DDL Query made to DB:
create table "tabAssignment Rule" (
			name varchar(140) primary key,
			creation timestamp(6),
			modified timestamp(6),
			modified_by varchar(140),
			owner varchar(140),
			docstatus smallint not null default '0',
			idx bigint not null default '0',
			"document_type" varchar(140),
"due_date_based_on" varchar(140),
"priority" int NOT NULL DEFAULT 0,
"disabled" smallint NOT NULL DEFAULT 0,
"description" text DEFAULT 'Automatic Assignment',
"assign_condition" text,
"unassign_condition" text,
"close_condition" text,
"rule" varchar(140),
"field" varchar(140),
"last_user" varchar(140),
"_user_tags" text,
"_comments" text,
"_assign" text,
"_liked_by" text
			)
2025-09-24 17:06:58,761 WARNING database DDL Query made to DB:
create table "tabAssignment Rule Day" (
			name varchar(140) primary key,
			creation timestamp(6),
			modified timestamp(6),
			modified_by varchar(140),
			owner varchar(140),
			docstatus smallint not null default '0',
			idx bigint not null default '0',
			"day" varchar(140),
parent varchar(140),
parentfield varchar(140),
parenttype varchar(140)
			)
2025-09-24 17:06:58,840 WARNING database DDL Query made to DB:
create table "tabAuto Repeat Day" (
			name varchar(140) primary key,
			creation timestamp(6),
			modified timestamp(6),
			modified_by varchar(140),
			owner varchar(140),
			docstatus smallint not null default '0',
			idx bigint not null default '0',
			"day" varchar(140),
parent varchar(140),
parentfield varchar(140),
parenttype varchar(140)
			)
2025-09-24 17:06:58,905 WARNING database DDL Query made to DB:
create table "tabReminder" (
			name varchar(140) primary key,
			creation timestamp(6),
			modified timestamp(6),
			modified_by varchar(140),
			owner varchar(140),
			docstatus smallint not null default '0',
			idx bigint not null default '0',
			"user" varchar(140),
"remind_at" timestamp,
"description" text,
"reminder_doctype" varchar(140),
"reminder_docname" varchar(140),
"notified" smallint NOT NULL DEFAULT 0,
"_user_tags" text,
"_comments" text,
"_assign" text,
"_liked_by" text
			)
2025-09-24 17:06:58,907 WARNING database DDL Query made to DB:
CREATE INDEX IF NOT EXISTS "user" ON "tabReminder"("user");CREATE INDEX IF NOT EXISTS "remind_at" ON "tabReminder"("remind_at");
2025-09-24 17:06:58,976 WARNING database DDL Query made to DB:
create table "tabMilestone" (
			name varchar(140) primary key,
			creation timestamp(6),
			modified timestamp(6),
			modified_by varchar(140),
			owner varchar(140),
			docstatus smallint not null default '0',
			idx bigint not null default '0',
			"reference_type" varchar(140),
"reference_name" varchar(140),
"track_field" varchar(140),
"value" varchar(140),
"milestone_tracker" varchar(140),
"_user_tags" text,
"_comments" text,
"_assign" text,
"_liked_by" text
			)
2025-09-24 17:06:58,978 WARNING database DDL Query made to DB:
CREATE INDEX IF NOT EXISTS "reference_type" ON "tabMilestone"("reference_type");
2025-09-24 17:06:58,999 WARNING database DDL Query made to DB:
CREATE INDEX IF NOT EXISTS "reference_type_reference_name_index" ON "public"."tabMilestone" ("reference_type", "reference_name")
2025-09-24 17:06:59,063 WARNING database DDL Query made to DB:
create table "tabMilestone Tracker" (
			name varchar(140) primary key,
			creation timestamp(6),
			modified timestamp(6),
			modified_by varchar(140),
			owner varchar(140),
			docstatus smallint not null default '0',
			idx bigint not null default '0',
			"document_type" varchar(140) UNIQUE,
"track_field" varchar(140),
"disabled" smallint NOT NULL DEFAULT 0,
"_user_tags" text,
"_comments" text,
"_assign" text,
"_liked_by" text
			)
2025-09-24 17:06:59,213 WARNING database DDL Query made to DB:
create table "tabAuto Repeat" (
			name varchar(140) primary key,
			creation timestamp(6),
			modified timestamp(6),
			modified_by varchar(140),
			owner varchar(140),
			docstatus smallint not null default '0',
			idx bigint not null default '0',
			"reference_doctype" varchar(140),
"reference_document" varchar(140),
"submit_on_creation" smallint NOT NULL DEFAULT 0,
"start_date" date,
"end_date" date,
"disabled" smallint NOT NULL DEFAULT 0,
"frequency" varchar(140),
"repeat_on_day" int NOT NULL DEFAULT 0,
"repeat_on_last_day" smallint NOT NULL DEFAULT 0,
"next_schedule_date" date,
"generate_separate_documents_for_each_assignee" smallint NOT NULL DEFAULT 0,
"notify_by_email" smallint NOT NULL DEFAULT 0,
"recipients" text,
"template" varchar(140),
"subject" varchar(140),
"message" text DEFAULT 'Please find attached {{ doc.doctype }} #{{ doc.name }}',
"print_format" varchar(140),
"status" varchar(140),
"_user_tags" text,
"_comments" text,
"_assign" text,
"_liked_by" text
			)
2025-09-24 17:06:59,216 WARNING database DDL Query made to DB:
CREATE INDEX IF NOT EXISTS "next_schedule_date" ON "tabAuto Repeat"("next_schedule_date");
2025-09-24 17:06:59,298 WARNING database DDL Query made to DB:
create table "tabAuto Repeat User" (
			name varchar(140) primary key,
			creation timestamp(6),
			modified timestamp(6),
			modified_by varchar(140),
			owner varchar(140),
			docstatus smallint not null default '0',
			idx bigint not null default '0',
			"user" varchar(140),
parent varchar(140),
parentfield varchar(140),
parenttype varchar(140)
			)
2025-09-25 11:31:42,942 WARNING database DDL Query made to DB:
create table "tabMeeting" (
			name varchar(140) primary key,
			creation timestamp(6),
			modified timestamp(6),
			modified_by varchar(140),
			owner varchar(140),
			docstatus smallint not null default '0',
			idx bigint not null default '0',
			"_user_tags" text,
"_comments" text,
"_assign" text,
"_liked_by" text
			)
2025-09-25 11:48:16,740 WARNING database DDL Query made to DB:
ALTER TABLE "tabMeeting" ADD COLUMN "title" varchar(140)
2025-09-25 11:50:10,769 WARNING database DDL Query made to DB:
ALTER TABLE "tabMeeting" ADD COLUMN "date" date, ADD COLUMN "from_time" time(6), ADD COLUMN "to_time" time(6), ADD COLUMN "status" varchar(140)
2025-09-25 11:50:10,774 WARNING database DDL Query made to DB:
CREATE INDEX IF NOT EXISTS "status" ON "tabMeeting"("status");
2025-09-25 11:52:02,638 WARNING database DDL Query made to DB:
ALTER TABLE "tabMeeting" ALTER COLUMN "from_time" TYPE time(6) , ALTER COLUMN "to_time" TYPE time(6)
2025-09-25 11:52:02,640 WARNING database DDL Query made to DB:
CREATE INDEX IF NOT EXISTS "status" ON "tabMeeting"("status");
2025-09-25 11:57:26,891 WARNING database DDL Query made to DB:
ALTER TABLE "tabMeeting" ALTER COLUMN "from_time" TYPE time(6) , ALTER COLUMN "to_time" TYPE time(6)
2025-09-25 11:57:26,894 WARNING database DDL Query made to DB:
CREATE INDEX IF NOT EXISTS "status" ON "tabMeeting"("status");
2025-09-25 12:01:53,724 WARNING database DDL Query made to DB:
ALTER TABLE "tabMeeting" ALTER COLUMN "from_time" TYPE time(6) , ALTER COLUMN "to_time" TYPE time(6)
2025-09-25 12:01:53,726 WARNING database DDL Query made to DB:
CREATE INDEX IF NOT EXISTS "status" ON "tabMeeting"("status");
2025-09-25 12:10:37,767 WARNING database DDL Query made to DB:
create table "tabMeeting Agenda" (
			name varchar(140) primary key,
			creation timestamp(6),
			modified timestamp(6),
			modified_by varchar(140),
			owner varchar(140),
			docstatus smallint not null default '0',
			idx bigint not null default '0',
			parent varchar(140),
parentfield varchar(140),
parenttype varchar(140)
			)
2025-09-25 12:13:11,571 WARNING database DDL Query made to DB:
ALTER TABLE "tabMeeting" ALTER COLUMN "from_time" TYPE time(6) , ALTER COLUMN "to_time" TYPE time(6)
2025-09-25 12:13:11,574 WARNING database DDL Query made to DB:
CREATE INDEX IF NOT EXISTS "status" ON "tabMeeting"("status");
2025-09-25 12:17:50,935 WARNING database DDL Query made to DB:
ALTER TABLE "tabMeeting" ALTER COLUMN "from_time" TYPE time(6) , ALTER COLUMN "to_time" TYPE time(6)
2025-09-25 12:17:50,937 WARNING database DDL Query made to DB:
CREATE INDEX IF NOT EXISTS "status" ON "tabMeeting"("status");
2025-09-25 12:18:08,229 WARNING database DDL Query made to DB:
ALTER TABLE "tabMeeting" ALTER COLUMN "from_time" TYPE time(6) , ALTER COLUMN "to_time" TYPE time(6)
2025-09-25 12:18:08,232 WARNING database DDL Query made to DB:
CREATE INDEX IF NOT EXISTS "status" ON "tabMeeting"("status");
2025-09-25 12:19:14,600 WARNING database DDL Query made to DB:
ALTER TABLE "tabMeeting" ALTER COLUMN "from_time" TYPE time(6) , ALTER COLUMN "to_time" TYPE time(6)
2025-09-25 12:19:14,603 WARNING database DDL Query made to DB:
CREATE INDEX IF NOT EXISTS "status" ON "tabMeeting"("status");
2025-09-25 12:19:31,369 WARNING database DDL Query made to DB:
ALTER TABLE "tabMeeting" ALTER COLUMN "from_time" TYPE time(6) , ALTER COLUMN "to_time" TYPE time(6)
2025-09-25 12:19:31,372 WARNING database DDL Query made to DB:
CREATE INDEX IF NOT EXISTS "status" ON "tabMeeting"("status");
2025-09-25 12:42:38,246 WARNING database DDL Query made to DB:
ALTER TABLE "tabMeeting" ALTER COLUMN "from_time" TYPE time(6) , ALTER COLUMN "to_time" TYPE time(6)
2025-09-25 12:42:38,250 WARNING database DDL Query made to DB:
CREATE INDEX IF NOT EXISTS "status" ON "tabMeeting"("status");
2025-09-25 12:46:40,982 WARNING database DDL Query made to DB:
alter table "tabMeeting Agenda" add column if not exists parent varchar(140)
2025-09-25 12:46:40,987 WARNING database DDL Query made to DB:
alter table "tabMeeting Agenda" add column if not exists parenttype varchar(140)
2025-09-25 12:46:40,989 WARNING database DDL Query made to DB:
alter table "tabMeeting Agenda" add column if not exists parentfield varchar(140)
2025-09-25 12:46:41,080 WARNING database DDL Query made to DB:
ALTER TABLE "tabMeeting Agenda" ADD COLUMN "description" text
2025-09-25 12:46:54,257 WARNING database DDL Query made to DB:
alter table "tabMeeting Agenda" add column if not exists parent varchar(140)
2025-09-25 12:46:54,261 WARNING database DDL Query made to DB:
alter table "tabMeeting Agenda" add column if not exists parenttype varchar(140)
2025-09-25 12:46:54,263 WARNING database DDL Query made to DB:
alter table "tabMeeting Agenda" add column if not exists parentfield varchar(140)
2025-09-25 12:47:33,347 WARNING database DDL Query made to DB:
alter table "tabMeeting Agenda" add column if not exists parent varchar(140)
2025-09-25 12:47:33,350 WARNING database DDL Query made to DB:
alter table "tabMeeting Agenda" add column if not exists parenttype varchar(140)
2025-09-25 12:47:33,352 WARNING database DDL Query made to DB:
alter table "tabMeeting Agenda" add column if not exists parentfield varchar(140)
2025-09-25 12:49:20,688 WARNING database DDL Query made to DB:
create table "tabMinutees" (
			name varchar(140) primary key,
			creation timestamp(6),
			modified timestamp(6),
			modified_by varchar(140),
			owner varchar(140),
			docstatus smallint not null default '0',
			idx bigint not null default '0',
			parent varchar(140),
parentfield varchar(140),
parenttype varchar(140)
			)
2025-09-25 12:59:46,239 WARNING database DDL Query made to DB:
alter table "tabMinutees" add column if not exists parent varchar(140)
2025-09-25 12:59:46,243 WARNING database DDL Query made to DB:
alter table "tabMinutees" add column if not exists parenttype varchar(140)
2025-09-25 12:59:46,245 WARNING database DDL Query made to DB:
alter table "tabMinutees" add column if not exists parentfield varchar(140)
2025-09-25 12:59:46,344 WARNING database DDL Query made to DB:
ALTER TABLE "tabMinutees" ADD COLUMN "action" varchar(140), ADD COLUMN "assigned_to" varchar(140)
2025-09-25 12:59:46,348 WARNING database DDL Query made to DB:
CREATE INDEX IF NOT EXISTS "assigned_to" ON "tabMinutees"("assigned_to");
2025-09-25 16:05:15,270 WARNING database DDL Query made to DB:
ALTER TABLE "tabMeeting" ALTER COLUMN "from_time" TYPE time(6) , ALTER COLUMN "to_time" TYPE time(6)
2025-09-25 16:05:15,284 WARNING database DDL Query made to DB:
CREATE INDEX IF NOT EXISTS "status" ON "tabMeeting"("status");
2025-09-25 16:05:47,341 WARNING database DDL Query made to DB:
ALTER TABLE "tabMeeting" ALTER COLUMN "from_time" TYPE time(6) , ALTER COLUMN "to_time" TYPE time(6)
2025-09-25 16:05:47,343 WARNING database DDL Query made to DB:
CREATE INDEX IF NOT EXISTS "status" ON "tabMeeting"("status");
2025-09-25 16:25:29,213 WARNING database DDL Query made to DB:
alter table "tabMinutees" add column if not exists parent varchar(140)
2025-09-25 16:25:29,218 WARNING database DDL Query made to DB:
alter table "tabMinutees" add column if not exists parenttype varchar(140)
2025-09-25 16:25:29,221 WARNING database DDL Query made to DB:
alter table "tabMinutees" add column if not exists parentfield varchar(140)
2025-09-25 16:25:29,341 WARNING database DDL Query made to DB:
ALTER TABLE "tabMinutees" ADD COLUMN "completed_by" date
2025-09-25 16:26:06,282 WARNING database DDL Query made to DB:
alter table "tabMinutees" add column if not exists parent varchar(140)
2025-09-25 16:26:06,285 WARNING database DDL Query made to DB:
alter table "tabMinutees" add column if not exists parenttype varchar(140)
2025-09-25 16:26:06,288 WARNING database DDL Query made to DB:
alter table "tabMinutees" add column if not exists parentfield varchar(140)
2025-09-25 16:26:06,391 WARNING database DDL Query made to DB:
ALTER TABLE "tabMinutees" ADD COLUMN "description" text
2025-09-25 16:26:21,482 WARNING database DDL Query made to DB:
alter table "tabMinutees" add column if not exists parent varchar(140)
2025-09-25 16:26:21,484 WARNING database DDL Query made to DB:
alter table "tabMinutees" add column if not exists parenttype varchar(140)
2025-09-25 16:26:21,487 WARNING database DDL Query made to DB:
alter table "tabMinutees" add column if not exists parentfield varchar(140)
2025-09-25 16:27:23,456 WARNING database DDL Query made to DB:
alter table "tabMinutees" add column if not exists parent varchar(140)
2025-09-25 16:27:23,459 WARNING database DDL Query made to DB:
alter table "tabMinutees" add column if not exists parenttype varchar(140)
2025-09-25 16:27:23,462 WARNING database DDL Query made to DB:
alter table "tabMinutees" add column if not exists parentfield varchar(140)
2025-09-25 16:27:23,580 WARNING database DDL Query made to DB:
ALTER TABLE "tabMinutees" ADD COLUMN "status" varchar(140)
2025-09-25 16:27:33,208 WARNING database DDL Query made to DB:
alter table "tabMinutees" add column if not exists parent varchar(140)
2025-09-25 16:27:33,211 WARNING database DDL Query made to DB:
alter table "tabMinutees" add column if not exists parenttype varchar(140)
2025-09-25 16:27:33,214 WARNING database DDL Query made to DB:
alter table "tabMinutees" add column if not exists parentfield varchar(140)
2025-09-25 16:28:24,383 WARNING database DDL Query made to DB:
alter table "tabMinutees" add column if not exists parent varchar(140)
2025-09-25 16:28:24,385 WARNING database DDL Query made to DB:
alter table "tabMinutees" add column if not exists parenttype varchar(140)
2025-09-25 16:28:24,388 WARNING database DDL Query made to DB:
alter table "tabMinutees" add column if not exists parentfield varchar(140)
2025-09-25 16:28:24,504 WARNING database DDL Query made to DB:
DROP INDEX IF EXISTS "assigned_to" ;
2025-09-25 16:29:21,303 WARNING database DDL Query made to DB:
ALTER TABLE "tabMinutees" RENAME TO "tabMeeting Minutes"
2025-09-25 16:31:17,718 WARNING database DDL Query made to DB:
ALTER TABLE "tabMeeting" ALTER COLUMN "from_time" TYPE time(6) , ALTER COLUMN "to_time" TYPE time(6)
2025-09-25 16:31:17,719 WARNING database DDL Query made to DB:
CREATE INDEX IF NOT EXISTS "status" ON "tabMeeting"("status");
2025-09-25 16:31:45,222 WARNING database DDL Query made to DB:
ALTER TABLE "tabMeeting" ALTER COLUMN "from_time" TYPE time(6) , ALTER COLUMN "to_time" TYPE time(6)
2025-09-25 16:31:45,223 WARNING database DDL Query made to DB:
CREATE INDEX IF NOT EXISTS "status" ON "tabMeeting"("status");
2025-09-25 16:33:00,072 WARNING database DDL Query made to DB:
ALTER TABLE "tabMeeting" ALTER COLUMN "from_time" TYPE time(6) , ALTER COLUMN "to_time" TYPE time(6)
2025-09-25 16:33:00,073 WARNING database DDL Query made to DB:
CREATE INDEX IF NOT EXISTS "status" ON "tabMeeting"("status");
2025-09-25 16:37:02,824 WARNING database DDL Query made to DB:
ALTER TABLE "tabMeeting" ALTER COLUMN "from_time" TYPE time(6) , ALTER COLUMN "to_time" TYPE time(6)
2025-09-25 16:37:02,825 WARNING database DDL Query made to DB:
CREATE INDEX IF NOT EXISTS "status" ON "tabMeeting"("status");
2025-09-25 16:39:26,662 WARNING database DDL Query made to DB:
create table "tabAttendee" (
			name varchar(140) primary key,
			creation timestamp(6),
			modified timestamp(6),
			modified_by varchar(140),
			owner varchar(140),
			docstatus smallint not null default '0',
			idx bigint not null default '0',
			parent varchar(140),
parentfield varchar(140),
parenttype varchar(140)
			)
2025-09-25 16:41:15,253 WARNING database DDL Query made to DB:
alter table "tabAttendee" add column if not exists parent varchar(140)
2025-09-25 16:41:15,255 WARNING database DDL Query made to DB:
alter table "tabAttendee" add column if not exists parenttype varchar(140)
2025-09-25 16:41:15,257 WARNING database DDL Query made to DB:
alter table "tabAttendee" add column if not exists parentfield varchar(140)
2025-09-25 16:41:15,354 WARNING database DDL Query made to DB:
ALTER TABLE "tabAttendee" ADD COLUMN "attendee" varchar(140), ADD COLUMN "full_name" varchar(140)
2025-09-25 16:43:11,787 WARNING database DDL Query made to DB:
alter table "tabAttendee" add column if not exists parent varchar(140)
2025-09-25 16:43:11,790 WARNING database DDL Query made to DB:
alter table "tabAttendee" add column if not exists parenttype varchar(140)
2025-09-25 16:43:11,793 WARNING database DDL Query made to DB:
alter table "tabAttendee" add column if not exists parentfield varchar(140)
2025-09-25 16:43:11,890 WARNING database DDL Query made to DB:
ALTER TABLE "tabAttendee" ADD COLUMN "accepted" smallint NOT NULL DEFAULT 0
2025-09-25 16:44:05,593 WARNING database DDL Query made to DB:
alter table "tabAttendee" add column if not exists parent varchar(140)
2025-09-25 16:44:05,596 WARNING database DDL Query made to DB:
alter table "tabAttendee" add column if not exists parenttype varchar(140)
2025-09-25 16:44:05,599 WARNING database DDL Query made to DB:
alter table "tabAttendee" add column if not exists parentfield varchar(140)
2025-09-25 16:44:05,740 WARNING database DDL Query made to DB:
ALTER TABLE "tabAttendee" ADD COLUMN "attended" smallint NOT NULL DEFAULT 0
2025-09-25 16:45:56,876 WARNING database DDL Query made to DB:
ALTER TABLE "tabAttendee" RENAME TO "tabMeeting Attendee"
2025-09-25 16:46:29,528 WARNING database DDL Query made to DB:
alter table "tabMeeting Attendee" add column if not exists parent varchar(140)
2025-09-25 16:46:29,530 WARNING database DDL Query made to DB:
alter table "tabMeeting Attendee" add column if not exists parenttype varchar(140)
2025-09-25 16:46:29,532 WARNING database DDL Query made to DB:
alter table "tabMeeting Attendee" add column if not exists parentfield varchar(140)
2025-09-25 16:46:44,529 WARNING database DDL Query made to DB:
alter table "tabMeeting Attendee" add column if not exists parent varchar(140)
2025-09-25 16:46:44,532 WARNING database DDL Query made to DB:
alter table "tabMeeting Attendee" add column if not exists parenttype varchar(140)
2025-09-25 16:46:44,534 WARNING database DDL Query made to DB:
alter table "tabMeeting Attendee" add column if not exists parentfield varchar(140)
2025-09-25 16:47:32,545 WARNING database DDL Query made to DB:
ALTER TABLE "tabMeeting" ALTER COLUMN "from_time" TYPE time(6) , ALTER COLUMN "to_time" TYPE time(6)
2025-09-25 16:47:32,546 WARNING database DDL Query made to DB:
CREATE INDEX IF NOT EXISTS "status" ON "tabMeeting"("status");
2025-09-25 16:49:18,420 WARNING database DDL Query made to DB:
ALTER TABLE "tabMeeting" ALTER COLUMN "from_time" TYPE time(6) , ALTER COLUMN "to_time" TYPE time(6)
2025-09-25 16:49:18,421 WARNING database DDL Query made to DB:
CREATE INDEX IF NOT EXISTS "status" ON "tabMeeting"("status");
2025-09-25 16:50:51,092 WARNING database DDL Query made to DB:
ALTER TABLE "tabMeeting" ALTER COLUMN "from_time" TYPE time(6) , ALTER COLUMN "to_time" TYPE time(6)
2025-09-25 16:50:51,093 WARNING database DDL Query made to DB:
CREATE INDEX IF NOT EXISTS "status" ON "tabMeeting"("status");
2025-09-25 16:53:01,645 WARNING database DDL Query made to DB:
alter table "tabMeeting Minutes" add column if not exists parent varchar(140)
2025-09-25 16:53:01,648 WARNING database DDL Query made to DB:
alter table "tabMeeting Minutes" add column if not exists parenttype varchar(140)
2025-09-25 16:53:01,650 WARNING database DDL Query made to DB:
alter table "tabMeeting Minutes" add column if not exists parentfield varchar(140)
2025-09-25 16:54:29,098 WARNING database DDL Query made to DB:
ALTER TABLE "tabMeeting" ALTER COLUMN "from_time" TYPE time(6) , ALTER COLUMN "to_time" TYPE time(6)
2025-09-25 16:54:29,099 WARNING database DDL Query made to DB:
CREATE INDEX IF NOT EXISTS "status" ON "tabMeeting"("status");
2025-09-25 16:55:29,812 WARNING database DDL Query made to DB:
ALTER TABLE "tabMeeting" ALTER COLUMN "from_time" TYPE time(6) , ALTER COLUMN "to_time" TYPE time(6)
2025-09-25 16:55:29,814 WARNING database DDL Query made to DB:
CREATE INDEX IF NOT EXISTS "status" ON "tabMeeting"("status");
2025-09-25 16:55:46,680 WARNING database DDL Query made to DB:
ALTER TABLE "tabMeeting" ALTER COLUMN "from_time" TYPE time(6) , ALTER COLUMN "to_time" TYPE time(6)
2025-09-25 16:55:46,681 WARNING database DDL Query made to DB:
CREATE INDEX IF NOT EXISTS "status" ON "tabMeeting"("status");
2025-09-25 16:56:28,619 WARNING database DDL Query made to DB:
ALTER TABLE "tabMeeting" ALTER COLUMN "from_time" TYPE time(6) , ALTER COLUMN "to_time" TYPE time(6)
2025-09-25 16:56:28,620 WARNING database DDL Query made to DB:
CREATE INDEX IF NOT EXISTS "status" ON "tabMeeting"("status");
2025-09-26 10:16:38,569 WARNING database DDL Query made to DB:
ALTER TABLE "tabMeeting" ALTER COLUMN "from_time" TYPE time(6) , ALTER COLUMN "to_time" TYPE time(6)
2025-09-26 10:16:38,576 WARNING database DDL Query made to DB:
CREATE INDEX IF NOT EXISTS "status" ON "tabMeeting"("status");
2025-09-26 10:25:25,004 WARNING database DDL Query made to DB:
ALTER TABLE "tabMeeting" ALTER COLUMN "from_time" TYPE time(6) , ALTER COLUMN "to_time" TYPE time(6)
2025-09-26 10:25:25,007 WARNING database DDL Query made to DB:
CREATE INDEX IF NOT EXISTS "status" ON "tabMeeting"("status");
2025-09-26 14:32:46,506 WARNING database DDL Query made to DB:
ALTER TABLE "tabMeeting" ADD COLUMN "invitation_message" text, ALTER COLUMN "from_time" TYPE time(6) , ALTER COLUMN "to_time" TYPE time(6)
2025-09-26 14:32:46,513 WARNING database DDL Query made to DB:
CREATE INDEX IF NOT EXISTS "status" ON "tabMeeting"("status");
2025-09-26 14:33:08,275 WARNING database DDL Query made to DB:
ALTER TABLE "tabMeeting" ALTER COLUMN "from_time" TYPE time(6) , ALTER COLUMN "to_time" TYPE time(6)
2025-09-26 14:33:08,276 WARNING database DDL Query made to DB:
CREATE INDEX IF NOT EXISTS "status" ON "tabMeeting"("status");
2025-09-26 14:35:02,743 WARNING database DDL Query made to DB:
ALTER TABLE "tabMeeting" ALTER COLUMN "from_time" TYPE time(6) , ALTER COLUMN "to_time" TYPE time(6)
2025-09-26 14:35:02,745 WARNING database DDL Query made to DB:
CREATE INDEX IF NOT EXISTS "status" ON "tabMeeting"("status");
2025-09-26 15:10:58,478 WARNING database DDL Query made to DB:
ALTER TABLE "tabMeeting" ALTER COLUMN "from_time" TYPE time(6) , ALTER COLUMN "to_time" TYPE time(6)
2025-09-26 15:10:58,480 WARNING database DDL Query made to DB:
CREATE INDEX IF NOT EXISTS "status" ON "tabMeeting"("status");
2025-09-26 15:31:57,984 WARNING database DDL Query made to DB:
ALTER TABLE "tabMeeting" ALTER COLUMN "from_time" TYPE time(6) , ALTER COLUMN "to_time" TYPE time(6)
2025-09-26 15:31:57,989 WARNING database DDL Query made to DB:
CREATE INDEX IF NOT EXISTS "status" ON "tabMeeting"("status");
