2025-09-26 16:58:04,126 ERROR frappe Unable to load translations
Site: meeting.localhost
Form Dict: {}
Traceback (most recent call last):
  File "/Users/addisutedla/Documents/Projects/Meeting/meeting-bench/apps/frappe/frappe/utils/caching.py", line 65, in wrapper
    return _cache[func][args_key]
           ~~~~~~~~~~~~^^^^^^^^^^
KeyError: ((), <object object at 0x10e9cce50>, frozenset({('_ensure_on_bench', True)}))

During handling of the above exception, another exception occurred:

Traceback (most recent call last):
  File "/Users/addisutedla/Documents/Projects/Meeting/meeting-bench/apps/frappe/frappe/app.py", line 102, in application
    init_request(request)
    ~~~~~~~~~~~~^^^^^^^^^
  File "/Users/addisutedla/Documents/Projects/Meeting/meeting-bench/apps/frappe/frappe/app.py", line 178, in init_request
    frappe.init(site, sites_path=_sites_path, force=True)
    ~~~~~~~~~~~^^^^^^^^^^^^^^^^^^^^^^^^^^^^^^^^^^^^^^^^^^
  File "/Users/addisutedla/Documents/Projects/Meeting/meeting-bench/apps/frappe/frappe/__init__.py", line 208, in init
    setup_module_map(include_all_apps=not (frappe.request or frappe.job or frappe.flags.in_migrate))
    ~~~~~~~~~~~~~~~~^^^^^^^^^^^^^^^^^^^^^^^^^^^^^^^^^^^^^^^^^^^^^^^^^^^^^^^^^^^^^^^^^^^^^^^^^^^^^^^^
  File "/Users/addisutedla/Documents/Projects/Meeting/meeting-bench/apps/frappe/frappe/__init__.py", line 1036, in setup_module_map
    apps = get_installed_apps(_ensure_on_bench=True)
  File "/Users/addisutedla/Documents/Projects/Meeting/meeting-bench/apps/frappe/frappe/utils/caching.py", line 71, in wrapper
    return_val = func(*args, **kwargs)
  File "/Users/addisutedla/Documents/Projects/Meeting/meeting-bench/apps/frappe/frappe/__init__.py", line 916, in get_installed_apps
    installed = orjson.loads(db.get_global("installed_apps") or "[]")
                             ~~~~~~~~~~~~~^^^^^^^^^^^^^^^^^^
  File "/Users/addisutedla/Documents/Projects/Meeting/meeting-bench/apps/frappe/frappe/database/database.py", line 1144, in get_global
    return self.get_default(key, user)
           ~~~~~~~~~~~~~~~~^^^^^^^^^^^
  File "/Users/addisutedla/Documents/Projects/Meeting/meeting-bench/apps/frappe/frappe/database/database.py", line 1148, in get_default
    d = self.get_defaults(key, parent)
  File "/Users/addisutedla/Documents/Projects/Meeting/meeting-bench/apps/frappe/frappe/database/database.py", line 1164, in get_defaults
    defaults = frappe.defaults.get_defaults_for(parent)
  File "/Users/addisutedla/Documents/Projects/Meeting/meeting-bench/apps/frappe/frappe/defaults.py", line 249, in get_defaults_for
    .run(as_dict=True)
     ~~~^^^^^^^^^^^^^^
  File "/Users/addisutedla/Documents/Projects/Meeting/meeting-bench/apps/frappe/frappe/query_builder/utils.py", line 85, in execute_query
    result = frappe.local.db.sql(query, params, *args, **kwargs)  # nosemgrep
  File "/Users/addisutedla/Documents/Projects/Meeting/meeting-bench/apps/frappe/frappe/database/postgres/database.py", line 234, in sql
    return super().sql(modify_query(query), modify_values(values), *args, **kwargs)
           ~~~~~~~~~~~^^^^^^^^^^^^^^^^^^^^^^^^^^^^^^^^^^^^^^^^^^^^^^^^^^^^^^^^^^^^^
  File "/Users/addisutedla/Documents/Projects/Meeting/meeting-bench/apps/frappe/frappe/database/database.py", line 271, in sql
    self.execute_query(query, values)
    ~~~~~~~~~~~~~~~~~~^^^^^^^^^^^^^^^
  File "/Users/addisutedla/Documents/Projects/Meeting/meeting-bench/apps/frappe/frappe/database/database.py", line 365, in execute_query
    return self._cursor.execute(query, values)
           ~~~~~~~~~~~~~~~~~~~~^^^^^^^^^^^^^^^
psycopg2.errors.InsufficientPrivilege: permission denied for table tabDefaultValue


During handling of the above exception, another exception occurred:

Traceback (most recent call last):
  File "/Users/addisutedla/Documents/Projects/Meeting/meeting-bench/apps/frappe/frappe/utils/caching.py", line 65, in wrapper
    return _cache[func][args_key]
           ~~~~~~~~~~~~^^^^^^^^^^
KeyError: ((), <object object at 0x10e9cce50>, frozenset({('_ensure_on_bench', True)}))

During handling of the above exception, another exception occurred:

Traceback (most recent call last):
  File "/Users/addisutedla/Documents/Projects/Meeting/meeting-bench/apps/frappe/frappe/translate.py", line 174, in get_all_translations
    return frappe.cache.hget(MERGED_TRANSLATION_KEY, lang, generator=_merge_translations)
           ~~~~~~~~~~~~~~~~~^^^^^^^^^^^^^^^^^^^^^^^^^^^^^^^^^^^^^^^^^^^^^^^^^^^^^^^^^^^^^
  File "/Users/addisutedla/Documents/Projects/Meeting/meeting-bench/apps/frappe/frappe/utils/redis_wrapper.py", line 253, in hget
    value = generator()
  File "/Users/addisutedla/Documents/Projects/Meeting/meeting-bench/apps/frappe/frappe/translate.py", line 162, in _merge_translations
    all_translations.update(get_translations_from_apps(lang))
                            ~~~~~~~~~~~~~~~~~~~~~~~~~~^^^^^^
  File "/Users/addisutedla/Documents/Projects/Meeting/meeting-bench/apps/frappe/frappe/translate.py", line 189, in get_translations_from_apps
    for app in apps or frappe.get_installed_apps(_ensure_on_bench=True):
                       ~~~~~~~~~~~~~~~~~~~~~~~~~^^^^^^^^^^^^^^^^^^^^^^^
  File "/Users/addisutedla/Documents/Projects/Meeting/meeting-bench/apps/frappe/frappe/utils/caching.py", line 71, in wrapper
    return_val = func(*args, **kwargs)
  File "/Users/addisutedla/Documents/Projects/Meeting/meeting-bench/apps/frappe/frappe/__init__.py", line 916, in get_installed_apps
    installed = orjson.loads(db.get_global("installed_apps") or "[]")
                             ~~~~~~~~~~~~~^^^^^^^^^^^^^^^^^^
  File "/Users/addisutedla/Documents/Projects/Meeting/meeting-bench/apps/frappe/frappe/database/database.py", line 1144, in get_global
    return self.get_default(key, user)
           ~~~~~~~~~~~~~~~~^^^^^^^^^^^
  File "/Users/addisutedla/Documents/Projects/Meeting/meeting-bench/apps/frappe/frappe/database/database.py", line 1148, in get_default
    d = self.get_defaults(key, parent)
  File "/Users/addisutedla/Documents/Projects/Meeting/meeting-bench/apps/frappe/frappe/database/database.py", line 1164, in get_defaults
    defaults = frappe.defaults.get_defaults_for(parent)
  File "/Users/addisutedla/Documents/Projects/Meeting/meeting-bench/apps/frappe/frappe/defaults.py", line 249, in get_defaults_for
    .run(as_dict=True)
     ~~~^^^^^^^^^^^^^^
  File "/Users/addisutedla/Documents/Projects/Meeting/meeting-bench/apps/frappe/frappe/query_builder/utils.py", line 85, in execute_query
    result = frappe.local.db.sql(query, params, *args, **kwargs)  # nosemgrep
  File "/Users/addisutedla/Documents/Projects/Meeting/meeting-bench/apps/frappe/frappe/database/postgres/database.py", line 234, in sql
    return super().sql(modify_query(query), modify_values(values), *args, **kwargs)
           ~~~~~~~~~~~^^^^^^^^^^^^^^^^^^^^^^^^^^^^^^^^^^^^^^^^^^^^^^^^^^^^^^^^^^^^^
  File "/Users/addisutedla/Documents/Projects/Meeting/meeting-bench/apps/frappe/frappe/database/database.py", line 271, in sql
    self.execute_query(query, values)
    ~~~~~~~~~~~~~~~~~~^^^^^^^^^^^^^^^
  File "/Users/addisutedla/Documents/Projects/Meeting/meeting-bench/apps/frappe/frappe/database/database.py", line 365, in execute_query
    return self._cursor.execute(query, values)
           ~~~~~~~~~~~~~~~~~~~~^^^^^^^^^^^^^^^
psycopg2.errors.InFailedSqlTransaction: current transaction is aborted, commands ignored until end of transaction block

2025-09-26 16:58:04,140 ERROR frappe Unable to load translations
Site: meeting.localhost
Form Dict: {}
Traceback (most recent call last):
  File "/Users/addisutedla/Documents/Projects/Meeting/meeting-bench/apps/frappe/frappe/utils/caching.py", line 65, in wrapper
    return _cache[func][args_key]
           ~~~~~~~~~~~~^^^^^^^^^^
KeyError: ((), <object object at 0x10e9cce50>, frozenset({('_ensure_on_bench', True)}))

During handling of the above exception, another exception occurred:

Traceback (most recent call last):
  File "/Users/addisutedla/Documents/Projects/Meeting/meeting-bench/apps/frappe/frappe/app.py", line 102, in application
    init_request(request)
    ~~~~~~~~~~~~^^^^^^^^^
  File "/Users/addisutedla/Documents/Projects/Meeting/meeting-bench/apps/frappe/frappe/app.py", line 178, in init_request
    frappe.init(site, sites_path=_sites_path, force=True)
    ~~~~~~~~~~~^^^^^^^^^^^^^^^^^^^^^^^^^^^^^^^^^^^^^^^^^^
  File "/Users/addisutedla/Documents/Projects/Meeting/meeting-bench/apps/frappe/frappe/__init__.py", line 208, in init
    setup_module_map(include_all_apps=not (frappe.request or frappe.job or frappe.flags.in_migrate))
    ~~~~~~~~~~~~~~~~^^^^^^^^^^^^^^^^^^^^^^^^^^^^^^^^^^^^^^^^^^^^^^^^^^^^^^^^^^^^^^^^^^^^^^^^^^^^^^^^
  File "/Users/addisutedla/Documents/Projects/Meeting/meeting-bench/apps/frappe/frappe/__init__.py", line 1036, in setup_module_map
    apps = get_installed_apps(_ensure_on_bench=True)
  File "/Users/addisutedla/Documents/Projects/Meeting/meeting-bench/apps/frappe/frappe/utils/caching.py", line 71, in wrapper
    return_val = func(*args, **kwargs)
  File "/Users/addisutedla/Documents/Projects/Meeting/meeting-bench/apps/frappe/frappe/__init__.py", line 916, in get_installed_apps
    installed = orjson.loads(db.get_global("installed_apps") or "[]")
                             ~~~~~~~~~~~~~^^^^^^^^^^^^^^^^^^
  File "/Users/addisutedla/Documents/Projects/Meeting/meeting-bench/apps/frappe/frappe/database/database.py", line 1144, in get_global
    return self.get_default(key, user)
           ~~~~~~~~~~~~~~~~^^^^^^^^^^^
  File "/Users/addisutedla/Documents/Projects/Meeting/meeting-bench/apps/frappe/frappe/database/database.py", line 1148, in get_default
    d = self.get_defaults(key, parent)
  File "/Users/addisutedla/Documents/Projects/Meeting/meeting-bench/apps/frappe/frappe/database/database.py", line 1164, in get_defaults
    defaults = frappe.defaults.get_defaults_for(parent)
  File "/Users/addisutedla/Documents/Projects/Meeting/meeting-bench/apps/frappe/frappe/defaults.py", line 249, in get_defaults_for
    .run(as_dict=True)
     ~~~^^^^^^^^^^^^^^
  File "/Users/addisutedla/Documents/Projects/Meeting/meeting-bench/apps/frappe/frappe/query_builder/utils.py", line 85, in execute_query
    result = frappe.local.db.sql(query, params, *args, **kwargs)  # nosemgrep
  File "/Users/addisutedla/Documents/Projects/Meeting/meeting-bench/apps/frappe/frappe/database/postgres/database.py", line 234, in sql
    return super().sql(modify_query(query), modify_values(values), *args, **kwargs)
           ~~~~~~~~~~~^^^^^^^^^^^^^^^^^^^^^^^^^^^^^^^^^^^^^^^^^^^^^^^^^^^^^^^^^^^^^
  File "/Users/addisutedla/Documents/Projects/Meeting/meeting-bench/apps/frappe/frappe/database/database.py", line 271, in sql
    self.execute_query(query, values)
    ~~~~~~~~~~~~~~~~~~^^^^^^^^^^^^^^^
  File "/Users/addisutedla/Documents/Projects/Meeting/meeting-bench/apps/frappe/frappe/database/database.py", line 365, in execute_query
    return self._cursor.execute(query, values)
           ~~~~~~~~~~~~~~~~~~~~^^^^^^^^^^^^^^^
psycopg2.errors.InsufficientPrivilege: permission denied for table tabDefaultValue


During handling of the above exception, another exception occurred:

Traceback (most recent call last):
  File "/Users/addisutedla/Documents/Projects/Meeting/meeting-bench/apps/frappe/frappe/utils/caching.py", line 65, in wrapper
    return _cache[func][args_key]
           ~~~~~~~~~~~~^^^^^^^^^^
KeyError: ((), <object object at 0x10e9cce50>, frozenset({('_ensure_on_bench', True)}))

During handling of the above exception, another exception occurred:

Traceback (most recent call last):
  File "/Users/addisutedla/Documents/Projects/Meeting/meeting-bench/apps/frappe/frappe/translate.py", line 174, in get_all_translations
    return frappe.cache.hget(MERGED_TRANSLATION_KEY, lang, generator=_merge_translations)
           ~~~~~~~~~~~~~~~~~^^^^^^^^^^^^^^^^^^^^^^^^^^^^^^^^^^^^^^^^^^^^^^^^^^^^^^^^^^^^^
  File "/Users/addisutedla/Documents/Projects/Meeting/meeting-bench/apps/frappe/frappe/utils/redis_wrapper.py", line 253, in hget
    value = generator()
  File "/Users/addisutedla/Documents/Projects/Meeting/meeting-bench/apps/frappe/frappe/translate.py", line 162, in _merge_translations
    all_translations.update(get_translations_from_apps(lang))
                            ~~~~~~~~~~~~~~~~~~~~~~~~~~^^^^^^
  File "/Users/addisutedla/Documents/Projects/Meeting/meeting-bench/apps/frappe/frappe/translate.py", line 189, in get_translations_from_apps
    for app in apps or frappe.get_installed_apps(_ensure_on_bench=True):
                       ~~~~~~~~~~~~~~~~~~~~~~~~~^^^^^^^^^^^^^^^^^^^^^^^
  File "/Users/addisutedla/Documents/Projects/Meeting/meeting-bench/apps/frappe/frappe/utils/caching.py", line 71, in wrapper
    return_val = func(*args, **kwargs)
  File "/Users/addisutedla/Documents/Projects/Meeting/meeting-bench/apps/frappe/frappe/__init__.py", line 916, in get_installed_apps
    installed = orjson.loads(db.get_global("installed_apps") or "[]")
                             ~~~~~~~~~~~~~^^^^^^^^^^^^^^^^^^
  File "/Users/addisutedla/Documents/Projects/Meeting/meeting-bench/apps/frappe/frappe/database/database.py", line 1144, in get_global
    return self.get_default(key, user)
           ~~~~~~~~~~~~~~~~^^^^^^^^^^^
  File "/Users/addisutedla/Documents/Projects/Meeting/meeting-bench/apps/frappe/frappe/database/database.py", line 1148, in get_default
    d = self.get_defaults(key, parent)
  File "/Users/addisutedla/Documents/Projects/Meeting/meeting-bench/apps/frappe/frappe/database/database.py", line 1164, in get_defaults
    defaults = frappe.defaults.get_defaults_for(parent)
  File "/Users/addisutedla/Documents/Projects/Meeting/meeting-bench/apps/frappe/frappe/defaults.py", line 249, in get_defaults_for
    .run(as_dict=True)
     ~~~^^^^^^^^^^^^^^
  File "/Users/addisutedla/Documents/Projects/Meeting/meeting-bench/apps/frappe/frappe/query_builder/utils.py", line 85, in execute_query
    result = frappe.local.db.sql(query, params, *args, **kwargs)  # nosemgrep
  File "/Users/addisutedla/Documents/Projects/Meeting/meeting-bench/apps/frappe/frappe/database/postgres/database.py", line 234, in sql
    return super().sql(modify_query(query), modify_values(values), *args, **kwargs)
           ~~~~~~~~~~~^^^^^^^^^^^^^^^^^^^^^^^^^^^^^^^^^^^^^^^^^^^^^^^^^^^^^^^^^^^^^
  File "/Users/addisutedla/Documents/Projects/Meeting/meeting-bench/apps/frappe/frappe/database/database.py", line 271, in sql
    self.execute_query(query, values)
    ~~~~~~~~~~~~~~~~~~^^^^^^^^^^^^^^^
  File "/Users/addisutedla/Documents/Projects/Meeting/meeting-bench/apps/frappe/frappe/database/database.py", line 365, in execute_query
    return self._cursor.execute(query, values)
           ~~~~~~~~~~~~~~~~~~~~^^^^^^^^^^^^^^^
psycopg2.errors.InFailedSqlTransaction: current transaction is aborted, commands ignored until end of transaction block

2025-09-26 17:27:22,411 ERROR frappe Unable to load translations
Site: meeting.localhost
Form Dict: {}
Traceback (most recent call last):
  File "/Users/addisutedla/Documents/Projects/Meeting/meeting-bench/apps/frappe/frappe/utils/caching.py", line 65, in wrapper
    return _cache[func][args_key]
           ~~~~~~~~~~~~^^^^^^^^^^
KeyError: ((), <object object at 0x10d4ece50>, frozenset({('_ensure_on_bench', True)}))

During handling of the above exception, another exception occurred:

Traceback (most recent call last):
  File "/Users/addisutedla/Documents/Projects/Meeting/meeting-bench/apps/frappe/frappe/app.py", line 102, in application
    init_request(request)
    ~~~~~~~~~~~~^^^^^^^^^
  File "/Users/addisutedla/Documents/Projects/Meeting/meeting-bench/apps/frappe/frappe/app.py", line 178, in init_request
    frappe.init(site, sites_path=_sites_path, force=True)
    ~~~~~~~~~~~^^^^^^^^^^^^^^^^^^^^^^^^^^^^^^^^^^^^^^^^^^
  File "/Users/addisutedla/Documents/Projects/Meeting/meeting-bench/apps/frappe/frappe/__init__.py", line 208, in init
    setup_module_map(include_all_apps=not (frappe.request or frappe.job or frappe.flags.in_migrate))
    ~~~~~~~~~~~~~~~~^^^^^^^^^^^^^^^^^^^^^^^^^^^^^^^^^^^^^^^^^^^^^^^^^^^^^^^^^^^^^^^^^^^^^^^^^^^^^^^^
  File "/Users/addisutedla/Documents/Projects/Meeting/meeting-bench/apps/frappe/frappe/__init__.py", line 1036, in setup_module_map
    apps = get_installed_apps(_ensure_on_bench=True)
  File "/Users/addisutedla/Documents/Projects/Meeting/meeting-bench/apps/frappe/frappe/utils/caching.py", line 71, in wrapper
    return_val = func(*args, **kwargs)
  File "/Users/addisutedla/Documents/Projects/Meeting/meeting-bench/apps/frappe/frappe/__init__.py", line 916, in get_installed_apps
    installed = orjson.loads(db.get_global("installed_apps") or "[]")
                             ~~~~~~~~~~~~~^^^^^^^^^^^^^^^^^^
  File "/Users/addisutedla/Documents/Projects/Meeting/meeting-bench/apps/frappe/frappe/database/database.py", line 1144, in get_global
    return self.get_default(key, user)
           ~~~~~~~~~~~~~~~~^^^^^^^^^^^
  File "/Users/addisutedla/Documents/Projects/Meeting/meeting-bench/apps/frappe/frappe/database/database.py", line 1148, in get_default
    d = self.get_defaults(key, parent)
  File "/Users/addisutedla/Documents/Projects/Meeting/meeting-bench/apps/frappe/frappe/database/database.py", line 1164, in get_defaults
    defaults = frappe.defaults.get_defaults_for(parent)
  File "/Users/addisutedla/Documents/Projects/Meeting/meeting-bench/apps/frappe/frappe/defaults.py", line 249, in get_defaults_for
    .run(as_dict=True)
     ~~~^^^^^^^^^^^^^^
  File "/Users/addisutedla/Documents/Projects/Meeting/meeting-bench/apps/frappe/frappe/query_builder/utils.py", line 85, in execute_query
    result = frappe.local.db.sql(query, params, *args, **kwargs)  # nosemgrep
  File "/Users/addisutedla/Documents/Projects/Meeting/meeting-bench/apps/frappe/frappe/database/postgres/database.py", line 234, in sql
    return super().sql(modify_query(query), modify_values(values), *args, **kwargs)
           ~~~~~~~~~~~^^^^^^^^^^^^^^^^^^^^^^^^^^^^^^^^^^^^^^^^^^^^^^^^^^^^^^^^^^^^^
  File "/Users/addisutedla/Documents/Projects/Meeting/meeting-bench/apps/frappe/frappe/database/database.py", line 271, in sql
    self.execute_query(query, values)
    ~~~~~~~~~~~~~~~~~~^^^^^^^^^^^^^^^
  File "/Users/addisutedla/Documents/Projects/Meeting/meeting-bench/apps/frappe/frappe/database/database.py", line 365, in execute_query
    return self._cursor.execute(query, values)
           ~~~~~~~~~~~~~~~~~~~~^^^^^^^^^^^^^^^
psycopg2.errors.InsufficientPrivilege: permission denied for table tabDefaultValue


During handling of the above exception, another exception occurred:

Traceback (most recent call last):
  File "/Users/addisutedla/Documents/Projects/Meeting/meeting-bench/apps/frappe/frappe/utils/caching.py", line 65, in wrapper
    return _cache[func][args_key]
           ~~~~~~~~~~~~^^^^^^^^^^
KeyError: ((), <object object at 0x10d4ece50>, frozenset({('_ensure_on_bench', True)}))

During handling of the above exception, another exception occurred:

Traceback (most recent call last):
  File "/Users/addisutedla/Documents/Projects/Meeting/meeting-bench/apps/frappe/frappe/translate.py", line 174, in get_all_translations
    return frappe.cache.hget(MERGED_TRANSLATION_KEY, lang, generator=_merge_translations)
           ~~~~~~~~~~~~~~~~~^^^^^^^^^^^^^^^^^^^^^^^^^^^^^^^^^^^^^^^^^^^^^^^^^^^^^^^^^^^^^
  File "/Users/addisutedla/Documents/Projects/Meeting/meeting-bench/apps/frappe/frappe/utils/redis_wrapper.py", line 253, in hget
    value = generator()
  File "/Users/addisutedla/Documents/Projects/Meeting/meeting-bench/apps/frappe/frappe/translate.py", line 162, in _merge_translations
    all_translations.update(get_translations_from_apps(lang))
                            ~~~~~~~~~~~~~~~~~~~~~~~~~~^^^^^^
  File "/Users/addisutedla/Documents/Projects/Meeting/meeting-bench/apps/frappe/frappe/translate.py", line 189, in get_translations_from_apps
    for app in apps or frappe.get_installed_apps(_ensure_on_bench=True):
                       ~~~~~~~~~~~~~~~~~~~~~~~~~^^^^^^^^^^^^^^^^^^^^^^^
  File "/Users/addisutedla/Documents/Projects/Meeting/meeting-bench/apps/frappe/frappe/utils/caching.py", line 71, in wrapper
    return_val = func(*args, **kwargs)
  File "/Users/addisutedla/Documents/Projects/Meeting/meeting-bench/apps/frappe/frappe/__init__.py", line 916, in get_installed_apps
    installed = orjson.loads(db.get_global("installed_apps") or "[]")
                             ~~~~~~~~~~~~~^^^^^^^^^^^^^^^^^^
  File "/Users/addisutedla/Documents/Projects/Meeting/meeting-bench/apps/frappe/frappe/database/database.py", line 1144, in get_global
    return self.get_default(key, user)
           ~~~~~~~~~~~~~~~~^^^^^^^^^^^
  File "/Users/addisutedla/Documents/Projects/Meeting/meeting-bench/apps/frappe/frappe/database/database.py", line 1148, in get_default
    d = self.get_defaults(key, parent)
  File "/Users/addisutedla/Documents/Projects/Meeting/meeting-bench/apps/frappe/frappe/database/database.py", line 1164, in get_defaults
    defaults = frappe.defaults.get_defaults_for(parent)
  File "/Users/addisutedla/Documents/Projects/Meeting/meeting-bench/apps/frappe/frappe/defaults.py", line 249, in get_defaults_for
    .run(as_dict=True)
     ~~~^^^^^^^^^^^^^^
  File "/Users/addisutedla/Documents/Projects/Meeting/meeting-bench/apps/frappe/frappe/query_builder/utils.py", line 85, in execute_query
    result = frappe.local.db.sql(query, params, *args, **kwargs)  # nosemgrep
  File "/Users/addisutedla/Documents/Projects/Meeting/meeting-bench/apps/frappe/frappe/database/postgres/database.py", line 234, in sql
    return super().sql(modify_query(query), modify_values(values), *args, **kwargs)
           ~~~~~~~~~~~^^^^^^^^^^^^^^^^^^^^^^^^^^^^^^^^^^^^^^^^^^^^^^^^^^^^^^^^^^^^^
  File "/Users/addisutedla/Documents/Projects/Meeting/meeting-bench/apps/frappe/frappe/database/database.py", line 271, in sql
    self.execute_query(query, values)
    ~~~~~~~~~~~~~~~~~~^^^^^^^^^^^^^^^
  File "/Users/addisutedla/Documents/Projects/Meeting/meeting-bench/apps/frappe/frappe/database/database.py", line 365, in execute_query
    return self._cursor.execute(query, values)
           ~~~~~~~~~~~~~~~~~~~~^^^^^^^^^^^^^^^
psycopg2.errors.InFailedSqlTransaction: current transaction is aborted, commands ignored until end of transaction block

2025-09-26 17:27:22,468 ERROR frappe Unable to load translations
Site: meeting.localhost
Form Dict: {}
Traceback (most recent call last):
  File "/Users/addisutedla/Documents/Projects/Meeting/meeting-bench/apps/frappe/frappe/utils/caching.py", line 65, in wrapper
    return _cache[func][args_key]
           ~~~~~~~~~~~~^^^^^^^^^^
KeyError: ((), <object object at 0x10d4ece50>, frozenset({('_ensure_on_bench', True)}))

During handling of the above exception, another exception occurred:

Traceback (most recent call last):
  File "/Users/addisutedla/Documents/Projects/Meeting/meeting-bench/apps/frappe/frappe/app.py", line 102, in application
    init_request(request)
    ~~~~~~~~~~~~^^^^^^^^^
  File "/Users/addisutedla/Documents/Projects/Meeting/meeting-bench/apps/frappe/frappe/app.py", line 178, in init_request
    frappe.init(site, sites_path=_sites_path, force=True)
    ~~~~~~~~~~~^^^^^^^^^^^^^^^^^^^^^^^^^^^^^^^^^^^^^^^^^^
  File "/Users/addisutedla/Documents/Projects/Meeting/meeting-bench/apps/frappe/frappe/__init__.py", line 208, in init
    setup_module_map(include_all_apps=not (frappe.request or frappe.job or frappe.flags.in_migrate))
    ~~~~~~~~~~~~~~~~^^^^^^^^^^^^^^^^^^^^^^^^^^^^^^^^^^^^^^^^^^^^^^^^^^^^^^^^^^^^^^^^^^^^^^^^^^^^^^^^
  File "/Users/addisutedla/Documents/Projects/Meeting/meeting-bench/apps/frappe/frappe/__init__.py", line 1036, in setup_module_map
    apps = get_installed_apps(_ensure_on_bench=True)
  File "/Users/addisutedla/Documents/Projects/Meeting/meeting-bench/apps/frappe/frappe/utils/caching.py", line 71, in wrapper
    return_val = func(*args, **kwargs)
  File "/Users/addisutedla/Documents/Projects/Meeting/meeting-bench/apps/frappe/frappe/__init__.py", line 916, in get_installed_apps
    installed = orjson.loads(db.get_global("installed_apps") or "[]")
                             ~~~~~~~~~~~~~^^^^^^^^^^^^^^^^^^
  File "/Users/addisutedla/Documents/Projects/Meeting/meeting-bench/apps/frappe/frappe/database/database.py", line 1144, in get_global
    return self.get_default(key, user)
           ~~~~~~~~~~~~~~~~^^^^^^^^^^^
  File "/Users/addisutedla/Documents/Projects/Meeting/meeting-bench/apps/frappe/frappe/database/database.py", line 1148, in get_default
    d = self.get_defaults(key, parent)
  File "/Users/addisutedla/Documents/Projects/Meeting/meeting-bench/apps/frappe/frappe/database/database.py", line 1164, in get_defaults
    defaults = frappe.defaults.get_defaults_for(parent)
  File "/Users/addisutedla/Documents/Projects/Meeting/meeting-bench/apps/frappe/frappe/defaults.py", line 249, in get_defaults_for
    .run(as_dict=True)
     ~~~^^^^^^^^^^^^^^
  File "/Users/addisutedla/Documents/Projects/Meeting/meeting-bench/apps/frappe/frappe/query_builder/utils.py", line 85, in execute_query
    result = frappe.local.db.sql(query, params, *args, **kwargs)  # nosemgrep
  File "/Users/addisutedla/Documents/Projects/Meeting/meeting-bench/apps/frappe/frappe/database/postgres/database.py", line 234, in sql
    return super().sql(modify_query(query), modify_values(values), *args, **kwargs)
           ~~~~~~~~~~~^^^^^^^^^^^^^^^^^^^^^^^^^^^^^^^^^^^^^^^^^^^^^^^^^^^^^^^^^^^^^
  File "/Users/addisutedla/Documents/Projects/Meeting/meeting-bench/apps/frappe/frappe/database/database.py", line 271, in sql
    self.execute_query(query, values)
    ~~~~~~~~~~~~~~~~~~^^^^^^^^^^^^^^^
  File "/Users/addisutedla/Documents/Projects/Meeting/meeting-bench/apps/frappe/frappe/database/database.py", line 365, in execute_query
    return self._cursor.execute(query, values)
           ~~~~~~~~~~~~~~~~~~~~^^^^^^^^^^^^^^^
psycopg2.errors.InsufficientPrivilege: permission denied for table tabDefaultValue


During handling of the above exception, another exception occurred:

Traceback (most recent call last):
  File "/Users/addisutedla/Documents/Projects/Meeting/meeting-bench/apps/frappe/frappe/utils/caching.py", line 65, in wrapper
    return _cache[func][args_key]
           ~~~~~~~~~~~~^^^^^^^^^^
KeyError: ((), <object object at 0x10d4ece50>, frozenset({('_ensure_on_bench', True)}))

During handling of the above exception, another exception occurred:

Traceback (most recent call last):
  File "/Users/addisutedla/Documents/Projects/Meeting/meeting-bench/apps/frappe/frappe/translate.py", line 174, in get_all_translations
    return frappe.cache.hget(MERGED_TRANSLATION_KEY, lang, generator=_merge_translations)
           ~~~~~~~~~~~~~~~~~^^^^^^^^^^^^^^^^^^^^^^^^^^^^^^^^^^^^^^^^^^^^^^^^^^^^^^^^^^^^^
  File "/Users/addisutedla/Documents/Projects/Meeting/meeting-bench/apps/frappe/frappe/utils/redis_wrapper.py", line 253, in hget
    value = generator()
  File "/Users/addisutedla/Documents/Projects/Meeting/meeting-bench/apps/frappe/frappe/translate.py", line 162, in _merge_translations
    all_translations.update(get_translations_from_apps(lang))
                            ~~~~~~~~~~~~~~~~~~~~~~~~~~^^^^^^
  File "/Users/addisutedla/Documents/Projects/Meeting/meeting-bench/apps/frappe/frappe/translate.py", line 189, in get_translations_from_apps
    for app in apps or frappe.get_installed_apps(_ensure_on_bench=True):
                       ~~~~~~~~~~~~~~~~~~~~~~~~~^^^^^^^^^^^^^^^^^^^^^^^
  File "/Users/addisutedla/Documents/Projects/Meeting/meeting-bench/apps/frappe/frappe/utils/caching.py", line 71, in wrapper
    return_val = func(*args, **kwargs)
  File "/Users/addisutedla/Documents/Projects/Meeting/meeting-bench/apps/frappe/frappe/__init__.py", line 916, in get_installed_apps
    installed = orjson.loads(db.get_global("installed_apps") or "[]")
                             ~~~~~~~~~~~~~^^^^^^^^^^^^^^^^^^
  File "/Users/addisutedla/Documents/Projects/Meeting/meeting-bench/apps/frappe/frappe/database/database.py", line 1144, in get_global
    return self.get_default(key, user)
           ~~~~~~~~~~~~~~~~^^^^^^^^^^^
  File "/Users/addisutedla/Documents/Projects/Meeting/meeting-bench/apps/frappe/frappe/database/database.py", line 1148, in get_default
    d = self.get_defaults(key, parent)
  File "/Users/addisutedla/Documents/Projects/Meeting/meeting-bench/apps/frappe/frappe/database/database.py", line 1164, in get_defaults
    defaults = frappe.defaults.get_defaults_for(parent)
  File "/Users/addisutedla/Documents/Projects/Meeting/meeting-bench/apps/frappe/frappe/defaults.py", line 249, in get_defaults_for
    .run(as_dict=True)
     ~~~^^^^^^^^^^^^^^
  File "/Users/addisutedla/Documents/Projects/Meeting/meeting-bench/apps/frappe/frappe/query_builder/utils.py", line 85, in execute_query
    result = frappe.local.db.sql(query, params, *args, **kwargs)  # nosemgrep
  File "/Users/addisutedla/Documents/Projects/Meeting/meeting-bench/apps/frappe/frappe/database/postgres/database.py", line 234, in sql
    return super().sql(modify_query(query), modify_values(values), *args, **kwargs)
           ~~~~~~~~~~~^^^^^^^^^^^^^^^^^^^^^^^^^^^^^^^^^^^^^^^^^^^^^^^^^^^^^^^^^^^^^
  File "/Users/addisutedla/Documents/Projects/Meeting/meeting-bench/apps/frappe/frappe/database/database.py", line 271, in sql
    self.execute_query(query, values)
    ~~~~~~~~~~~~~~~~~~^^^^^^^^^^^^^^^
  File "/Users/addisutedla/Documents/Projects/Meeting/meeting-bench/apps/frappe/frappe/database/database.py", line 365, in execute_query
    return self._cursor.execute(query, values)
           ~~~~~~~~~~~~~~~~~~~~^^^^^^^^^^^^^^^
psycopg2.errors.InFailedSqlTransaction: current transaction is aborted, commands ignored until end of transaction block

2025-09-26 17:27:22,778 ERROR frappe Unable to load translations
Site: meeting.localhost
Form Dict: {}
Traceback (most recent call last):
  File "/Users/addisutedla/Documents/Projects/Meeting/meeting-bench/apps/frappe/frappe/utils/caching.py", line 65, in wrapper
    return _cache[func][args_key]
           ~~~~~~~~~~~~^^^^^^^^^^
KeyError: ((), <object object at 0x10d4ece50>, frozenset({('_ensure_on_bench', True)}))

During handling of the above exception, another exception occurred:

Traceback (most recent call last):
  File "/Users/addisutedla/Documents/Projects/Meeting/meeting-bench/apps/frappe/frappe/app.py", line 102, in application
    init_request(request)
    ~~~~~~~~~~~~^^^^^^^^^
  File "/Users/addisutedla/Documents/Projects/Meeting/meeting-bench/apps/frappe/frappe/app.py", line 178, in init_request
    frappe.init(site, sites_path=_sites_path, force=True)
    ~~~~~~~~~~~^^^^^^^^^^^^^^^^^^^^^^^^^^^^^^^^^^^^^^^^^^
  File "/Users/addisutedla/Documents/Projects/Meeting/meeting-bench/apps/frappe/frappe/__init__.py", line 208, in init
    setup_module_map(include_all_apps=not (frappe.request or frappe.job or frappe.flags.in_migrate))
    ~~~~~~~~~~~~~~~~^^^^^^^^^^^^^^^^^^^^^^^^^^^^^^^^^^^^^^^^^^^^^^^^^^^^^^^^^^^^^^^^^^^^^^^^^^^^^^^^
  File "/Users/addisutedla/Documents/Projects/Meeting/meeting-bench/apps/frappe/frappe/__init__.py", line 1036, in setup_module_map
    apps = get_installed_apps(_ensure_on_bench=True)
  File "/Users/addisutedla/Documents/Projects/Meeting/meeting-bench/apps/frappe/frappe/utils/caching.py", line 71, in wrapper
    return_val = func(*args, **kwargs)
  File "/Users/addisutedla/Documents/Projects/Meeting/meeting-bench/apps/frappe/frappe/__init__.py", line 916, in get_installed_apps
    installed = orjson.loads(db.get_global("installed_apps") or "[]")
                             ~~~~~~~~~~~~~^^^^^^^^^^^^^^^^^^
  File "/Users/addisutedla/Documents/Projects/Meeting/meeting-bench/apps/frappe/frappe/database/database.py", line 1144, in get_global
    return self.get_default(key, user)
           ~~~~~~~~~~~~~~~~^^^^^^^^^^^
  File "/Users/addisutedla/Documents/Projects/Meeting/meeting-bench/apps/frappe/frappe/database/database.py", line 1148, in get_default
    d = self.get_defaults(key, parent)
  File "/Users/addisutedla/Documents/Projects/Meeting/meeting-bench/apps/frappe/frappe/database/database.py", line 1164, in get_defaults
    defaults = frappe.defaults.get_defaults_for(parent)
  File "/Users/addisutedla/Documents/Projects/Meeting/meeting-bench/apps/frappe/frappe/defaults.py", line 249, in get_defaults_for
    .run(as_dict=True)
     ~~~^^^^^^^^^^^^^^
  File "/Users/addisutedla/Documents/Projects/Meeting/meeting-bench/apps/frappe/frappe/query_builder/utils.py", line 85, in execute_query
    result = frappe.local.db.sql(query, params, *args, **kwargs)  # nosemgrep
  File "/Users/addisutedla/Documents/Projects/Meeting/meeting-bench/apps/frappe/frappe/database/postgres/database.py", line 234, in sql
    return super().sql(modify_query(query), modify_values(values), *args, **kwargs)
           ~~~~~~~~~~~^^^^^^^^^^^^^^^^^^^^^^^^^^^^^^^^^^^^^^^^^^^^^^^^^^^^^^^^^^^^^
  File "/Users/addisutedla/Documents/Projects/Meeting/meeting-bench/apps/frappe/frappe/database/database.py", line 271, in sql
    self.execute_query(query, values)
    ~~~~~~~~~~~~~~~~~~^^^^^^^^^^^^^^^
  File "/Users/addisutedla/Documents/Projects/Meeting/meeting-bench/apps/frappe/frappe/database/database.py", line 365, in execute_query
    return self._cursor.execute(query, values)
           ~~~~~~~~~~~~~~~~~~~~^^^^^^^^^^^^^^^
psycopg2.errors.InsufficientPrivilege: permission denied for table tabDefaultValue


During handling of the above exception, another exception occurred:

Traceback (most recent call last):
  File "/Users/addisutedla/Documents/Projects/Meeting/meeting-bench/apps/frappe/frappe/utils/caching.py", line 65, in wrapper
    return _cache[func][args_key]
           ~~~~~~~~~~~~^^^^^^^^^^
KeyError: ((), <object object at 0x10d4ece50>, frozenset({('_ensure_on_bench', True)}))

During handling of the above exception, another exception occurred:

Traceback (most recent call last):
  File "/Users/addisutedla/Documents/Projects/Meeting/meeting-bench/apps/frappe/frappe/translate.py", line 174, in get_all_translations
    return frappe.cache.hget(MERGED_TRANSLATION_KEY, lang, generator=_merge_translations)
           ~~~~~~~~~~~~~~~~~^^^^^^^^^^^^^^^^^^^^^^^^^^^^^^^^^^^^^^^^^^^^^^^^^^^^^^^^^^^^^
  File "/Users/addisutedla/Documents/Projects/Meeting/meeting-bench/apps/frappe/frappe/utils/redis_wrapper.py", line 253, in hget
    value = generator()
  File "/Users/addisutedla/Documents/Projects/Meeting/meeting-bench/apps/frappe/frappe/translate.py", line 162, in _merge_translations
    all_translations.update(get_translations_from_apps(lang))
                            ~~~~~~~~~~~~~~~~~~~~~~~~~~^^^^^^
  File "/Users/addisutedla/Documents/Projects/Meeting/meeting-bench/apps/frappe/frappe/translate.py", line 189, in get_translations_from_apps
    for app in apps or frappe.get_installed_apps(_ensure_on_bench=True):
                       ~~~~~~~~~~~~~~~~~~~~~~~~~^^^^^^^^^^^^^^^^^^^^^^^
  File "/Users/addisutedla/Documents/Projects/Meeting/meeting-bench/apps/frappe/frappe/utils/caching.py", line 71, in wrapper
    return_val = func(*args, **kwargs)
  File "/Users/addisutedla/Documents/Projects/Meeting/meeting-bench/apps/frappe/frappe/__init__.py", line 916, in get_installed_apps
    installed = orjson.loads(db.get_global("installed_apps") or "[]")
                             ~~~~~~~~~~~~~^^^^^^^^^^^^^^^^^^
  File "/Users/addisutedla/Documents/Projects/Meeting/meeting-bench/apps/frappe/frappe/database/database.py", line 1144, in get_global
    return self.get_default(key, user)
           ~~~~~~~~~~~~~~~~^^^^^^^^^^^
  File "/Users/addisutedla/Documents/Projects/Meeting/meeting-bench/apps/frappe/frappe/database/database.py", line 1148, in get_default
    d = self.get_defaults(key, parent)
  File "/Users/addisutedla/Documents/Projects/Meeting/meeting-bench/apps/frappe/frappe/database/database.py", line 1164, in get_defaults
    defaults = frappe.defaults.get_defaults_for(parent)
  File "/Users/addisutedla/Documents/Projects/Meeting/meeting-bench/apps/frappe/frappe/defaults.py", line 249, in get_defaults_for
    .run(as_dict=True)
     ~~~^^^^^^^^^^^^^^
  File "/Users/addisutedla/Documents/Projects/Meeting/meeting-bench/apps/frappe/frappe/query_builder/utils.py", line 85, in execute_query
    result = frappe.local.db.sql(query, params, *args, **kwargs)  # nosemgrep
  File "/Users/addisutedla/Documents/Projects/Meeting/meeting-bench/apps/frappe/frappe/database/postgres/database.py", line 234, in sql
    return super().sql(modify_query(query), modify_values(values), *args, **kwargs)
           ~~~~~~~~~~~^^^^^^^^^^^^^^^^^^^^^^^^^^^^^^^^^^^^^^^^^^^^^^^^^^^^^^^^^^^^^
  File "/Users/addisutedla/Documents/Projects/Meeting/meeting-bench/apps/frappe/frappe/database/database.py", line 271, in sql
    self.execute_query(query, values)
    ~~~~~~~~~~~~~~~~~~^^^^^^^^^^^^^^^
  File "/Users/addisutedla/Documents/Projects/Meeting/meeting-bench/apps/frappe/frappe/database/database.py", line 365, in execute_query
    return self._cursor.execute(query, values)
           ~~~~~~~~~~~~~~~~~~~~^^^^^^^^^^^^^^^
psycopg2.errors.InFailedSqlTransaction: current transaction is aborted, commands ignored until end of transaction block

2025-09-26 17:27:22,797 ERROR frappe Unable to load translations
Site: meeting.localhost
Form Dict: {}
Traceback (most recent call last):
  File "/Users/addisutedla/Documents/Projects/Meeting/meeting-bench/apps/frappe/frappe/utils/caching.py", line 65, in wrapper
    return _cache[func][args_key]
           ~~~~~~~~~~~~^^^^^^^^^^
KeyError: ((), <object object at 0x10d4ece50>, frozenset({('_ensure_on_bench', True)}))

During handling of the above exception, another exception occurred:

Traceback (most recent call last):
  File "/Users/addisutedla/Documents/Projects/Meeting/meeting-bench/apps/frappe/frappe/app.py", line 102, in application
    init_request(request)
    ~~~~~~~~~~~~^^^^^^^^^
  File "/Users/addisutedla/Documents/Projects/Meeting/meeting-bench/apps/frappe/frappe/app.py", line 178, in init_request
    frappe.init(site, sites_path=_sites_path, force=True)
    ~~~~~~~~~~~^^^^^^^^^^^^^^^^^^^^^^^^^^^^^^^^^^^^^^^^^^
  File "/Users/addisutedla/Documents/Projects/Meeting/meeting-bench/apps/frappe/frappe/__init__.py", line 208, in init
    setup_module_map(include_all_apps=not (frappe.request or frappe.job or frappe.flags.in_migrate))
    ~~~~~~~~~~~~~~~~^^^^^^^^^^^^^^^^^^^^^^^^^^^^^^^^^^^^^^^^^^^^^^^^^^^^^^^^^^^^^^^^^^^^^^^^^^^^^^^^
  File "/Users/addisutedla/Documents/Projects/Meeting/meeting-bench/apps/frappe/frappe/__init__.py", line 1036, in setup_module_map
    apps = get_installed_apps(_ensure_on_bench=True)
  File "/Users/addisutedla/Documents/Projects/Meeting/meeting-bench/apps/frappe/frappe/utils/caching.py", line 71, in wrapper
    return_val = func(*args, **kwargs)
  File "/Users/addisutedla/Documents/Projects/Meeting/meeting-bench/apps/frappe/frappe/__init__.py", line 916, in get_installed_apps
    installed = orjson.loads(db.get_global("installed_apps") or "[]")
                             ~~~~~~~~~~~~~^^^^^^^^^^^^^^^^^^
  File "/Users/addisutedla/Documents/Projects/Meeting/meeting-bench/apps/frappe/frappe/database/database.py", line 1144, in get_global
    return self.get_default(key, user)
           ~~~~~~~~~~~~~~~~^^^^^^^^^^^
  File "/Users/addisutedla/Documents/Projects/Meeting/meeting-bench/apps/frappe/frappe/database/database.py", line 1148, in get_default
    d = self.get_defaults(key, parent)
  File "/Users/addisutedla/Documents/Projects/Meeting/meeting-bench/apps/frappe/frappe/database/database.py", line 1164, in get_defaults
    defaults = frappe.defaults.get_defaults_for(parent)
  File "/Users/addisutedla/Documents/Projects/Meeting/meeting-bench/apps/frappe/frappe/defaults.py", line 249, in get_defaults_for
    .run(as_dict=True)
     ~~~^^^^^^^^^^^^^^
  File "/Users/addisutedla/Documents/Projects/Meeting/meeting-bench/apps/frappe/frappe/query_builder/utils.py", line 85, in execute_query
    result = frappe.local.db.sql(query, params, *args, **kwargs)  # nosemgrep
  File "/Users/addisutedla/Documents/Projects/Meeting/meeting-bench/apps/frappe/frappe/database/postgres/database.py", line 234, in sql
    return super().sql(modify_query(query), modify_values(values), *args, **kwargs)
           ~~~~~~~~~~~^^^^^^^^^^^^^^^^^^^^^^^^^^^^^^^^^^^^^^^^^^^^^^^^^^^^^^^^^^^^^
  File "/Users/addisutedla/Documents/Projects/Meeting/meeting-bench/apps/frappe/frappe/database/database.py", line 271, in sql
    self.execute_query(query, values)
    ~~~~~~~~~~~~~~~~~~^^^^^^^^^^^^^^^
  File "/Users/addisutedla/Documents/Projects/Meeting/meeting-bench/apps/frappe/frappe/database/database.py", line 365, in execute_query
    return self._cursor.execute(query, values)
           ~~~~~~~~~~~~~~~~~~~~^^^^^^^^^^^^^^^
psycopg2.errors.InsufficientPrivilege: permission denied for table tabDefaultValue


During handling of the above exception, another exception occurred:

Traceback (most recent call last):
  File "/Users/addisutedla/Documents/Projects/Meeting/meeting-bench/apps/frappe/frappe/utils/caching.py", line 65, in wrapper
    return _cache[func][args_key]
           ~~~~~~~~~~~~^^^^^^^^^^
KeyError: ((), <object object at 0x10d4ece50>, frozenset({('_ensure_on_bench', True)}))

During handling of the above exception, another exception occurred:

Traceback (most recent call last):
  File "/Users/addisutedla/Documents/Projects/Meeting/meeting-bench/apps/frappe/frappe/translate.py", line 174, in get_all_translations
    return frappe.cache.hget(MERGED_TRANSLATION_KEY, lang, generator=_merge_translations)
           ~~~~~~~~~~~~~~~~~^^^^^^^^^^^^^^^^^^^^^^^^^^^^^^^^^^^^^^^^^^^^^^^^^^^^^^^^^^^^^
  File "/Users/addisutedla/Documents/Projects/Meeting/meeting-bench/apps/frappe/frappe/utils/redis_wrapper.py", line 253, in hget
    value = generator()
  File "/Users/addisutedla/Documents/Projects/Meeting/meeting-bench/apps/frappe/frappe/translate.py", line 162, in _merge_translations
    all_translations.update(get_translations_from_apps(lang))
                            ~~~~~~~~~~~~~~~~~~~~~~~~~~^^^^^^
  File "/Users/addisutedla/Documents/Projects/Meeting/meeting-bench/apps/frappe/frappe/translate.py", line 189, in get_translations_from_apps
    for app in apps or frappe.get_installed_apps(_ensure_on_bench=True):
                       ~~~~~~~~~~~~~~~~~~~~~~~~~^^^^^^^^^^^^^^^^^^^^^^^
  File "/Users/addisutedla/Documents/Projects/Meeting/meeting-bench/apps/frappe/frappe/utils/caching.py", line 71, in wrapper
    return_val = func(*args, **kwargs)
  File "/Users/addisutedla/Documents/Projects/Meeting/meeting-bench/apps/frappe/frappe/__init__.py", line 916, in get_installed_apps
    installed = orjson.loads(db.get_global("installed_apps") or "[]")
                             ~~~~~~~~~~~~~^^^^^^^^^^^^^^^^^^
  File "/Users/addisutedla/Documents/Projects/Meeting/meeting-bench/apps/frappe/frappe/database/database.py", line 1144, in get_global
    return self.get_default(key, user)
           ~~~~~~~~~~~~~~~~^^^^^^^^^^^
  File "/Users/addisutedla/Documents/Projects/Meeting/meeting-bench/apps/frappe/frappe/database/database.py", line 1148, in get_default
    d = self.get_defaults(key, parent)
  File "/Users/addisutedla/Documents/Projects/Meeting/meeting-bench/apps/frappe/frappe/database/database.py", line 1164, in get_defaults
    defaults = frappe.defaults.get_defaults_for(parent)
  File "/Users/addisutedla/Documents/Projects/Meeting/meeting-bench/apps/frappe/frappe/defaults.py", line 249, in get_defaults_for
    .run(as_dict=True)
     ~~~^^^^^^^^^^^^^^
  File "/Users/addisutedla/Documents/Projects/Meeting/meeting-bench/apps/frappe/frappe/query_builder/utils.py", line 85, in execute_query
    result = frappe.local.db.sql(query, params, *args, **kwargs)  # nosemgrep
  File "/Users/addisutedla/Documents/Projects/Meeting/meeting-bench/apps/frappe/frappe/database/postgres/database.py", line 234, in sql
    return super().sql(modify_query(query), modify_values(values), *args, **kwargs)
           ~~~~~~~~~~~^^^^^^^^^^^^^^^^^^^^^^^^^^^^^^^^^^^^^^^^^^^^^^^^^^^^^^^^^^^^^
  File "/Users/addisutedla/Documents/Projects/Meeting/meeting-bench/apps/frappe/frappe/database/database.py", line 271, in sql
    self.execute_query(query, values)
    ~~~~~~~~~~~~~~~~~~^^^^^^^^^^^^^^^
  File "/Users/addisutedla/Documents/Projects/Meeting/meeting-bench/apps/frappe/frappe/database/database.py", line 365, in execute_query
    return self._cursor.execute(query, values)
           ~~~~~~~~~~~~~~~~~~~~^^^^^^^^^^^^^^^
psycopg2.errors.InFailedSqlTransaction: current transaction is aborted, commands ignored until end of transaction block

2025-09-26 20:20:33,867 ERROR frappe New Exception collected in error log
Site: meeting.localhost
Form Dict: {'doctype': 'Meeting', 'with_parent': '1', 'cmd': 'frappe.desk.form.load.getdoctype'}
2025-09-26 20:20:46,316 ERROR frappe New Exception collected in error log
Site: meeting.localhost
Form Dict: {'doctype': 'Meeting', 'with_parent': '1', 'cmd': 'frappe.desk.form.load.getdoctype'}
2025-09-26 20:21:02,429 ERROR frappe New Exception collected in error log
Site: meeting.localhost
Form Dict: {'doctype': 'Meeting', 'with_parent': '1', 'cmd': 'frappe.desk.form.load.getdoctype'}
2025-09-26 20:22:13,746 ERROR frappe New Exception collected in error log
Site: meeting.localhost
Form Dict: {'doctype': 'Meeting', 'with_parent': '1', 'cmd': 'frappe.desk.form.load.getdoctype'}
2025-09-26 20:23:47,641 ERROR frappe New Exception collected in error log
Site: meeting.localhost
Form Dict: {'doctype': 'Meeting', 'with_parent': '1', 'cmd': 'frappe.desk.form.load.getdoctype'}
2025-09-26 20:24:16,692 ERROR frappe New Exception collected in error log
Site: meeting.localhost
Form Dict: {'doctype': 'Meeting', 'with_parent': '1', 'cmd': 'frappe.desk.form.load.getdoctype'}
2025-09-26 20:24:30,412 ERROR frappe New Exception collected in error log
Site: meeting.localhost
Form Dict: {'doctype': 'Meeting', 'with_parent': '1', 'cmd': 'frappe.desk.form.load.getdoctype'}
2025-09-26 20:25:44,294 ERROR frappe New Exception collected in error log
Site: meeting.localhost
Form Dict: {'doctype': 'Meeting', 'with_parent': '1', 'cmd': 'frappe.desk.form.load.getdoctype'}
2025-09-26 20:29:50,412 ERROR frappe New Exception collected in error log
Site: meeting.localhost
Form Dict: {'doc': '{"docstatus":0,"doctype":"Email Account","name":"new-email-account-tvqgztvrdd","__islocal":1,"__unsaved":1,"owner":"Administrator","enable_incoming":1,"enable_outgoing":1,"service":"GMail","frappe_mail_site":"https://frappemail.com","auth_method":"Basic","backend_app_flow":0,"awaiting_password":0,"ascii_encode_password":0,"login_id_is_different":0,"default_incoming":0,"use_imap":1,"use_ssl":1,"validate_ssl_certificate":1,"use_starttls":0,"email_sync_option":"UNSEEN","initial_sync_count":"250","imap_folder":[{"docstatus":0,"doctype":"IMAP Folder","name":"new-imap-folder-skqdkdflmc","__islocal":1,"__unsaved":1,"owner":"Administrator","parent":"new-email-account-tvqgztvrdd","parentfield":"imap_folder","parenttype":"Email Account","idx":1,"folder_name":"INBOX"}],"append_emails_to_sent_folder":0,"create_contact":1,"enable_automatic_linking":0,"notify_if_unreplied":0,"unreplied_for_mins":30,"default_outgoing":0,"always_use_account_email_id_as_sender":0,"always_use_account_name_as_sender_name":0,"send_unsubscribe_message":1,"track_email_status":1,"use_tls":1,"use_ssl_for_outgoing":0,"no_smtp_authentication":0,"add_signature":0,"enable_auto_reply":0,"attachment_limit":25,"email_id":"addisuhaile87@gmail.com","email_server":"imap.gmail.com","incoming_port":993,"smtp_server":"smtp.gmail.com","smtp_port":587,"email_account_name":"Admin-Email-Account","password":"Addisu@87"}', 'action': 'Save', 'cmd': 'frappe.desk.form.save.savedocs'}
2025-09-26 20:30:47,324 ERROR frappe New Exception collected in error log
Site: meeting.localhost
Form Dict: {'doctype': 'Meeting', 'with_parent': '1', 'cmd': 'frappe.desk.form.load.getdoctype'}
2025-09-26 20:30:55,487 ERROR frappe New Exception collected in error log
Site: meeting.localhost
Form Dict: {'doctype': 'Meeting', 'with_parent': '1', 'cmd': 'frappe.desk.form.load.getdoctype'}
2025-09-26 20:31:17,731 ERROR frappe New Exception collected in error log
Site: meeting.localhost
Form Dict: {'doctype': 'Meeting', 'with_parent': '1', 'cmd': 'frappe.desk.form.load.getdoctype'}
2025-09-26 20:31:23,730 ERROR frappe New Exception collected in error log
Site: meeting.localhost
Form Dict: {'doctype': 'Meeting', 'with_parent': '1', 'cmd': 'frappe.desk.form.load.getdoctype'}
2025-09-26 20:31:47,510 ERROR frappe New Exception collected in error log
Site: meeting.localhost
Form Dict: {'doctype': 'Meeting', 'with_parent': '1', 'cmd': 'frappe.desk.form.load.getdoctype'}
2025-09-26 20:32:13,923 ERROR frappe New Exception collected in error log
Site: meeting.localhost
Form Dict: {'doctype': 'Meeting', 'with_parent': '1', 'cmd': 'frappe.desk.form.load.getdoctype'}
2025-09-26 20:35:38,156 ERROR frappe New Exception collected in error log
Site: meeting.localhost
Form Dict: {'meeting': 'new-meeting-dcsqclhwby', 'cmd': 'meeting.services.send_invitation_emails'}
2025-09-27 15:39:45,230 ERROR frappe New Exception collected in error log
Site: meeting.localhost
Form Dict: {'doc': '{"docstatus":0,"doctype":"User","name":"new-user-gjwlnoofsl","__islocal":1,"__unsaved":1,"owner":"Administrator","enabled":1,"language":"en","send_welcome_email":1,"unsubscribed":0,"role_profiles":[{"role_profile":"Meeting Attendee"}],"roles":[],"block_modules":[],"mute_sounds":0,"desk_theme":"Light","code_editor_type":"vscode","search_bar":1,"notifications":1,"list_sidebar":1,"bulk_actions":1,"view_switcher":1,"form_sidebar":1,"timeline":1,"dashboard":1,"show_absolute_datetime_in_timeline":0,"logout_all_sessions":1,"document_follow_notify":0,"document_follow_frequency":"Daily","follow_created_documents":0,"follow_commented_documents":0,"follow_liked_documents":0,"follow_assigned_documents":0,"follow_shared_documents":0,"thread_notify":1,"send_me_a_copy":0,"allowed_in_mentions":1,"user_emails":[],"defaults":[],"simultaneous_sessions":2,"user_type":"System User","bypass_restrict_ip_check_if_2fa_enabled":0,"social_logins":[],"onboarding_status":"{}","__run_link_triggers":1,"email":"abebawf@erpnext.com","first_name":"Abebaw"}', 'cmd': 'frappe.client.save'}
2025-09-27 15:42:04,076 ERROR frappe New Exception collected in error log
Site: meeting.localhost
Form Dict: {'doc': '{"docstatus":0,"doctype":"User","name":"new-user-gjwlnoofsl","__islocal":1,"__unsaved":1,"owner":"Administrator","enabled":1,"language":"en","send_welcome_email":1,"unsubscribed":0,"role_profiles":[{"role_profile":"Meeting Attendee"}],"roles":[],"block_modules":[],"mute_sounds":0,"desk_theme":"Light","code_editor_type":"vscode","search_bar":1,"notifications":1,"list_sidebar":1,"bulk_actions":1,"view_switcher":1,"form_sidebar":1,"timeline":1,"dashboard":1,"show_absolute_datetime_in_timeline":0,"logout_all_sessions":1,"document_follow_notify":0,"document_follow_frequency":"Daily","follow_created_documents":0,"follow_commented_documents":0,"follow_liked_documents":0,"follow_assigned_documents":0,"follow_shared_documents":0,"thread_notify":1,"send_me_a_copy":0,"allowed_in_mentions":1,"user_emails":[],"defaults":[],"simultaneous_sessions":2,"user_type":"System User","bypass_restrict_ip_check_if_2fa_enabled":0,"social_logins":[],"onboarding_status":"{}","__run_link_triggers":false,"email":"abebawf@erpnext.com","first_name":"Abebaw","time_zone":"Africa/Addis_Ababa"}', 'action': 'Save', 'cmd': 'frappe.desk.form.save.savedocs'}
2025-09-27 15:42:49,870 ERROR frappe New Exception collected in error log
Site: meeting.localhost
Form Dict: {'doc': '{"docstatus":0,"doctype":"User","name":"new-user-gjwlnoofsl","__islocal":1,"__unsaved":1,"owner":"Administrator","enabled":1,"language":"en","send_welcome_email":1,"unsubscribed":0,"role_profiles":[{"role_profile":"Meeting Attendee"}],"roles":[],"block_modules":[],"mute_sounds":0,"desk_theme":"Light","code_editor_type":"vscode","search_bar":1,"notifications":1,"list_sidebar":1,"bulk_actions":1,"view_switcher":1,"form_sidebar":1,"timeline":1,"dashboard":1,"show_absolute_datetime_in_timeline":0,"logout_all_sessions":1,"document_follow_notify":0,"document_follow_frequency":"Daily","follow_created_documents":0,"follow_commented_documents":0,"follow_liked_documents":0,"follow_assigned_documents":0,"follow_shared_documents":0,"thread_notify":1,"send_me_a_copy":0,"allowed_in_mentions":1,"user_emails":[],"defaults":[],"simultaneous_sessions":2,"user_type":"System User","bypass_restrict_ip_check_if_2fa_enabled":0,"social_logins":[],"onboarding_status":"{}","__run_link_triggers":false,"email":"abebawf@erpnext.com","first_name":"Abebaw","time_zone":"Africa/Addis_Ababa","gender":"Male","last_name":"F."}', 'action': 'Save', 'cmd': 'frappe.desk.form.save.savedocs'}
2025-09-27 15:42:57,940 ERROR frappe New Exception collected in error log
Site: meeting.localhost
Form Dict: {'doc': '{"docstatus":0,"doctype":"User","name":"new-user-gjwlnoofsl","__islocal":1,"__unsaved":1,"owner":"Administrator","enabled":1,"language":"en","send_welcome_email":1,"unsubscribed":0,"role_profiles":[{"role_profile":"Meeting Attendee"}],"roles":[],"block_modules":[],"mute_sounds":0,"desk_theme":"Light","code_editor_type":"vscode","search_bar":1,"notifications":1,"list_sidebar":1,"bulk_actions":1,"view_switcher":1,"form_sidebar":1,"timeline":1,"dashboard":1,"show_absolute_datetime_in_timeline":0,"logout_all_sessions":1,"document_follow_notify":0,"document_follow_frequency":"Daily","follow_created_documents":0,"follow_commented_documents":0,"follow_liked_documents":0,"follow_assigned_documents":0,"follow_shared_documents":0,"thread_notify":1,"send_me_a_copy":0,"allowed_in_mentions":1,"user_emails":[],"defaults":[],"simultaneous_sessions":2,"user_type":"System User","bypass_restrict_ip_check_if_2fa_enabled":0,"social_logins":[],"onboarding_status":"{}","__run_link_triggers":false,"email":"abebawf@erpnext.com","first_name":"Abebaw","time_zone":"Africa/Addis_Ababa","gender":"Male","last_name":"F."}', 'action': 'Save', 'cmd': 'frappe.desk.form.save.savedocs'}
2025-09-27 16:15:23,623 ERROR frappe New Exception collected in error log
Site: meeting.localhost
Form Dict: {'key': '********', 'old_password': '********', 'new_password': '********', 'confirm_password': '********', 'logout_all_sessions': '1', 'cmd': 'frappe.core.doctype.user.user.update_password'}
